Archive member included to satisfy reference by file (symbol)

C:/devkitPro/devkitARM/bin/../lib/gcc/arm-none-eabi/14.1.0/thumb\libgcc.a(_call_via_rX.o)
                              mm_main_gba.o (_call_via_r1)
C:/devkitPro/devkitARM/bin/../lib/gcc/arm-none-eabi/14.1.0/thumb\libgcc.a(_aeabi_ldivmod.o)
                              bn_hw_text.o (__aeabi_ldivmod)
C:/devkitPro/devkitARM/bin/../lib/gcc/arm-none-eabi/14.1.0/thumb\libgcc.a(_aeabi_uldivmod.o)
                              bn_hw_text.o (__aeabi_uldivmod)
C:/devkitPro/devkitARM/bin/../lib/gcc/arm-none-eabi/14.1.0/thumb\libgcc.a(_sync_none.o)
                              (__sync_synchronize_none)
C:/devkitPro/devkitARM/bin/../lib/gcc/arm-none-eabi/14.1.0/thumb\libgcc.a(_udivmoddi4.o)
                              C:/devkitPro/devkitARM/bin/../lib/gcc/arm-none-eabi/14.1.0/thumb\libgcc.a(_aeabi_ldivmod.o) (__udivmoddi4)

Discarded input sections

 .text          0x00000000        0x0 C:/devkitPro/devkitARM/bin/../lib/gcc/arm-none-eabi/14.1.0/../../../../arm-none-eabi/lib/thumb/gba_crt0.o
 .data          0x00000000        0x0 C:/devkitPro/devkitARM/bin/../lib/gcc/arm-none-eabi/14.1.0/../../../../arm-none-eabi/lib/thumb/gba_crt0.o
 .bss           0x00000000        0x0 C:/devkitPro/devkitARM/bin/../lib/gcc/arm-none-eabi/14.1.0/../../../../arm-none-eabi/lib/thumb/gba_crt0.o
 .text          0x00000000        0x0 C:/devkitPro/devkitARM/bin/../lib/gcc/arm-none-eabi/14.1.0/thumb/crti.o
 .data          0x00000000        0x0 C:/devkitPro/devkitARM/bin/../lib/gcc/arm-none-eabi/14.1.0/thumb/crti.o
 .bss           0x00000000        0x0 C:/devkitPro/devkitARM/bin/../lib/gcc/arm-none-eabi/14.1.0/thumb/crti.o
 .text          0x00000000        0x0 C:/devkitPro/devkitARM/bin/../lib/gcc/arm-none-eabi/14.1.0/thumb/crtbegin.o
 .data          0x00000000        0x0 C:/devkitPro/devkitARM/bin/../lib/gcc/arm-none-eabi/14.1.0/thumb/crtbegin.o
 .bss           0x00000000        0x0 C:/devkitPro/devkitARM/bin/../lib/gcc/arm-none-eabi/14.1.0/thumb/crtbegin.o
 .rodata.all_implied_fbits
                0x00000000       0x24 C:/devkitPro/devkitARM/bin/../lib/gcc/arm-none-eabi/14.1.0/thumb/crtbegin.o
 .text          0x00000000        0x0 _bn_audio_soundbank.bin.o
 .data          0x00000000        0x0 _bn_audio_soundbank.bin.o
 .bss           0x00000000        0x0 _bn_audio_soundbank.bin.o
 .text          0x00000000        0x0 bg_bn_gfx.o
 .data          0x00000000        0x0 bg_bn_gfx.o
 .bss           0x00000000        0x0 bg_bn_gfx.o
 .text          0x00000000        0x0 big_floor_bn_gfx.o
 .data          0x00000000        0x0 big_floor_bn_gfx.o
 .bss           0x00000000        0x0 big_floor_bn_gfx.o
 .rodata        0x00000000     0x2420 big_floor_bn_gfx.o
 .text          0x00000000        0x0 big_wall_bn_gfx.o
 .data          0x00000000        0x0 big_wall_bn_gfx.o
 .bss           0x00000000        0x0 big_wall_bn_gfx.o
 .rodata        0x00000000      0xa20 big_wall_bn_gfx.o
 .text          0x00000000        0x0 character_bn_gfx.o
 .data          0x00000000        0x0 character_bn_gfx.o
 .bss           0x00000000        0x0 character_bn_gfx.o
 .text          0x00000000        0x0 cow_bn_gfx.o
 .data          0x00000000        0x0 cow_bn_gfx.o
 .bss           0x00000000        0x0 cow_bn_gfx.o
 .rodata        0x00000000      0x220 cow_bn_gfx.o
 .text          0x00000000        0x0 dialog_window_bn_gfx.o
 .data          0x00000000        0x0 dialog_window_bn_gfx.o
 .bss           0x00000000        0x0 dialog_window_bn_gfx.o
 .rodata        0x00000000      0x900 dialog_window_bn_gfx.o
 .text          0x00000000        0x0 enemy_bn_gfx.o
 .data          0x00000000        0x0 enemy_bn_gfx.o
 .bss           0x00000000        0x0 enemy_bn_gfx.o
 .rodata        0x00000000     0x2420 enemy_bn_gfx.o
 .text          0x00000000        0x0 floor_palette_bn_gfx.o
 .data          0x00000000        0x0 floor_palette_bn_gfx.o
 .bss           0x00000000        0x0 floor_palette_bn_gfx.o
 .text          0x00000000        0x0 floor_tiles_bn_gfx.o
 .data          0x00000000        0x0 floor_tiles_bn_gfx.o
 .bss           0x00000000        0x0 floor_tiles_bn_gfx.o
 .text          0x00000000        0x0 hud_item_bn_gfx.o
 .data          0x00000000        0x0 hud_item_bn_gfx.o
 .bss           0x00000000        0x0 hud_item_bn_gfx.o
 .rodata        0x00000000      0xa20 hud_item_bn_gfx.o
 .text          0x00000000        0x0 huge_wall_bn_gfx.o
 .data          0x00000000        0x0 huge_wall_bn_gfx.o
 .bss           0x00000000        0x0 huge_wall_bn_gfx.o
 .rodata        0x00000000      0xc20 huge_wall_bn_gfx.o
 .text          0x00000000        0x0 small_floor_bn_gfx.o
 .data          0x00000000        0x0 small_floor_bn_gfx.o
 .bss           0x00000000        0x0 small_floor_bn_gfx.o
 .rodata        0x00000000      0x820 small_floor_bn_gfx.o
 .text          0x00000000        0x0 small_wall_bn_gfx.o
[...]
Memory Configuration

Name             Origin             Length             Attributes
rom              0x08000000         0x02000000
iwram            0x03000000         0x00008000
ewram            0x02000000         0x00040000
*default*        0x00000000         0xffffffff

Linker script and memory map

                0x00000000                        __sync_synchronize = __sync_synchronize_none
                0x08000000                        __text_start = ORIGIN (rom)
                0x02040000                        __eheap_end = (ORIGIN (ewram) + LENGTH (ewram))
                0x03000000                        __iwram_start = ORIGIN (iwram)
                0x03008000                        __iwram_top = (ORIGIN (iwram) + LENGTH (iwram))
                0x03007fa0                        __sp_irq = (__iwram_top - 0x60)
                0x03007f00                        __sp_usr = (__sp_irq - 0xa0)
                0x03007ff8                        __irq_flags = 0x3007ff8
                0x08000000                        . = __text_start

.crt0           0x08000000      0x210
 *(.crt0)
 .crt0          0x08000000      0x210 C:/devkitPro/devkitARM/bin/../lib/gcc/arm-none-eabi/14.1.0/../../../../arm-none-eabi/lib/thumb/gba_crt0.o
                0x08000000                _start
                0x080000c4                __boot_method
                0x080000c5                __slave_number
                0x080000e0                start_vector
                0x08000210                        . = ALIGN (0x4)

.init           0x08000210        0xc
 *(SORT_NONE(.init))
 .init          0x08000210        0x4 C:/devkitPro/devkitARM/bin/../lib/gcc/arm-none-eabi/14.1.0/thumb/crti.o
                0x08000210                _init
 .init          0x08000214        0x8 C:/devkitPro/devkitARM/bin/../lib/gcc/arm-none-eabi/14.1.0/thumb/crtn.o

.plt            0x0800021c        0x0
 *(.plt)
                0x0800021c                        . = ALIGN (0x4)

.text           0x08000220    0x154f8
 *(EXCLUDE_FILE(*.iwram*) .text*)
 .text.__do_global_dtors_aux
                0x08000220       0x2c C:/devkitPro/devkitARM/bin/../lib/gcc/arm-none-eabi/14.1.0/thumb/crtbegin.o
 .text.frame_dummy
                0x0800024c       0x24 C:/devkitPro/devkitARM/bin/../lib/gcc/arm-none-eabi/14.1.0/thumb/crtbegin.o
 .text._ZN2jv6PlayerD2Ev
                0x08000270       0x24 jv_actors.o
                0x08000270                jv::Player::~Player()
                0x08000270                jv::Player::~Player()
 .text._ZN2jv6PlayerD0Ev
                0x08000294       0x2c jv_actors.o
                0x08000294                jv::Player::~Player()
 .text._ZN2jv6Player16animation_updateEv
                0x080002c0      0x354 jv_actors.o
                0x080002c0                jv::Player::animation_update()
 .text._ZN2jv6Player4moveERN2bn10camera_ptrE
                0x08000614      0x140 jv_actors.o
                0x08000614                jv::Player::move(bn::camera_ptr&)
 .text._ZN2jv6PlayerC2EiiPN2bn6randomE
                0x08000754       0xec jv_actors.o
                0x08000754                jv::Player::Player(int, int, bn::random*)
                0x08000754                jv::Player::Player(int, int, bn::random*)
 .text._ZN2jv6Player6updateERN2bn10camera_ptrE
                0x08000840        0xc jv_actors.o
                0x08000840                jv::Player::update(bn::camera_ptr&)
 .text._ZN2jv10resetcomboEv
                0x0800084c       0x2c main.o
                0x0800084c                jv::resetcombo()
 .text._ZN3_bn6assert9show_argsIA16_ciEEvPKcS4_S4_iRKT_RKT0_
                0x08000878       0x54 main.o
                0x08000878                void _bn::assert::show_args<char [16], int>(char const*, char const*, char const*, int, char const (&) [16], int const&)
 .text._ZN3_bn6assert9show_argsIJA16_ciA4_ciEEEvPKcS5_S5_iDpRKT_
                0x080008cc       0x64 main.o
                0x080008cc                void _bn::assert::show_args<char [16], int, char [4], int>(char const*, char const*, char const*, int, char const (&) [16], int const&, char const (&) [4], int const&)
 .text._ZN3_bn6assert9show_argsIA21_ciEEvPKcS4_S4_iRKT_RKT0_
                0x08000930       0x54 main.o
                0x08000930                void _bn::assert::show_args<char [21], int>(char const*, char const*, char const*, int, char const (&) [21], int const&)
 .text._ZN3_bn6assert9show_argsIA30_cEEvPKcS4_S4_iRKT_
                0x08000984       0x48 main.o
                0x08000984                void _bn::assert::show_args<char [30]>(char const*, char const*, char const*, int, char const (&) [30])
 .text._ZN6bg_map8set_cellEiitb
                0x080009cc      0x158 main.o
                0x080009cc                bg_map::set_cell(int, int, unsigned short, bool)
 .text._ZN3_bn6assert9show_argsIA24_cEEvPKcS4_S4_iRKT_
                0x08000b24       0x48 main.o
                0x08000b24                void _bn::assert::show_args<char [24]>(char const*, char const*, char const*, int, char const (&) [24])
 .text._ZN2jv12FloorFactoryEN2bn5pointEhbRNS0_10unique_ptrI6bg_mapNS0_14default_deleteIS3_EEEE
                0x08000b6c      0x3f0 main.o
                0x08000b6c                jv::FloorFactory(bn::point, unsigned char, bool, bn::unique_ptr<bg_map, bn::default_delete<bg_map> >&)
 .text._ZN2jv4game10game_sceneERN2bn10camera_ptrEPNS1_6randomE
                0x08000f5c      0x1cc main.o
                0x08000f5c                jv::game::game_scene(bn::camera_ptr&, bn::random*)
 .text.startup.main
                0x08001128       0x38 main.o
                0x08001128                main
 .text._ZN2bn13ostringstream11append_argsIiJA4_ciEEEvRKT_DpRKT0_.isra.0
                0x08001160       0x24 bn_affine_bg_animate_actions.o
 .text._ZN3_bn6assert9show_argsIA15_cEEvPKcS4_S4_iRKT_
                0x08001184       0x48 bn_affine_bg_animate_actions.o
                0x08001184                void _bn::assert::show_args<char [15]>(char const*, char const*, char const*, int, char const (&) [15])
 .text._ZN3_bn6assert9show_argsIA23_ciEEvPKcS4_S4_iRKT_RKT0_
                0x080011cc       0x54 bn_affine_bg_animate_actions.o
                0x080011cc                void _bn::assert::show_args<char [23], int>(char const*, char const*, char const*, int, char const (&) [23], int const&)
 .text._ZN3_bn6assert9show_argsIA24_ciEEvPKcS4_S4_iRKT_RKT0_
                0x08001220       0x54 bn_affine_bg_animate_actions.o
                0x08001220                void _bn::assert::show_args<char [24], int>(char const*, char const*, char const*, int, char const (&) [24], int const&)
 .text._ZN3_bn6assert9show_argsIJA19_ciA4_ciEEEvPKcS5_S5_iDpRKT_
                0x08001274       0x58 bn_affine_bg_animate_actions.o
                0x08001274                void _bn::assert::show_args<char [19], int, char [4], int>(char const*, char const*, char const*, int, char const (&) [19], int const&, char const (&) [4], int const&)
 .text._ZN2bn13audio_manager12_GLOBAL__N_111static_dataD2Ev
                0x080012cc        0x4 bn_audio_manager.o
 .text._ZN2bn13audio_manager4initEv
                0x080012d0       0x48 bn_audio_manager.o
                0x080012d0                bn::audio_manager::init()
 .text._ZN2bn13audio_manager7disableEv
                0x08001318        0xc bn_audio_manager.o
                0x08001318                bn::audio_manager::disable()
 .text._ZN2bn13audio_manager10sound_dataEt
                0x08001324       0x64 bn_audio_manager.o
                0x08001324                bn::audio_manager::sound_data(unsigned short)
 .text._ZN2bn13audio_manager6updateEv
                0x08001388        0xc bn_audio_manager.o
                0x08001388                bn::audio_manager::update()
 .text._ZN2bn13audio_manager6commitEv
                0x08001394        0xc bn_audio_manager.o
                0x08001394                bn::audio_manager::commit()
 .text._ZN2bn13audio_manager4stopEv
                0x080013a0       0x6c bn_audio_manager.o
                0x080013a0                bn::audio_manager::stop()
 .text._ZN3_bn6assert9show_argsIA18_ciEEvPKcS4_S4_iRKT_RKT0_
                0x0800140c       0x54 bn_audio_manager.o
                0x0800140c                void _bn::assert::show_args<char [18], int>(char const*, char const*, char const*, int, char const (&) [18], int const&)
 .text._ZN3_bn6assert9show_argsIA14_ciEEvPKcS4_S4_iRKT_RKT0_
                0x08001460       0x54 bn_audio_manager.o
                0x08001460                void _bn::assert::show_args<char [14], int>(char const*, char const*, char const*, int, char const (&) [14], int const&)
 .text._ZN3_bn6assert9show_argsIA26_ciEEvPKcS4_S4_iRKT_RKT0_
                0x080014b4       0x54 bn_audio_manager.o
                0x080014b4                void _bn::assert::show_args<char [26], int>(char const*, char const*, char const*, int, char const (&) [26], int const&)
 .text._ZN3_bn6assert9show_argsIA33_cEEvPKcS4_S4_iRKT_
                0x08001508       0x48 bn_audio_manager.o
                0x08001508                void _bn::assert::show_args<char [33]>(char const*, char const*, char const*, int, char const (&) [33])
 .text._ZN3_bn6assert9show_argsIA25_cEEvPKcS4_S4_iRKT_
                0x08001550       0x48 bn_audio_manager.o
                0x08001550                void _bn::assert::show_args<char [25]>(char const*, char const*, char const*, int, char const (&) [25])
 .text._ZN3_bn6assert9show_argsIA20_cEEvPKcS4_S4_iRKT_
                0x08001598       0x48 bn_audio_manager.o
                0x08001598                void _bn::assert::show_args<char [20]>(char const*, char const*, char const*, int, char const (&) [20])
 .text._ZN3_bn6assert9show_argsIA26_cEEvPKcS4_S4_iRKT_
                0x080015e0       0x48 bn_audio_manager.o
                0x080015e0                void _bn::assert::show_args<char [26]>(char const*, char const*, char const*, int, char const (&) [26])
 .text._ZN2bn13ostringstream6appendILi12EEEvNS_7fixed_tIXT_EEE
                0x08001628       0xa0 bn_audio_manager.o
                0x08001628                void bn::ostringstream::append<12>(bn::fixed_t<12>)
 .text._ZN3_bn6assert9show_argsIA25_cN2bn7fixed_tILi12EEEEEvPKcS7_S7_iRKT_RKT0_
                0x080016c8       0x54 bn_audio_manager.o
                0x080016c8                void _bn::assert::show_args<char [25], bn::fixed_t<12> >(char const*, char const*, char const*, int, char const (&) [25], bn::fixed_t<12> const&)
 .text._ZNK2bn10music_item4playENS_7fixed_tILi12EEE
                0x0800171c       0xb8 bn_audio_manager.o
                0x0800171c                bn::music_item::play(bn::fixed_t<12>) const
 .text._ZN3_bn6assert9show_argsIA25_ciEEvPKcS4_S4_iRKT_RKT0_
                0x080017d4       0x54 bn_audio_manager.o
                0x080017d4                void _bn::assert::show_args<char [25], int>(char const*, char const*, char const*, int, char const (&) [25], int const&)
 .text._ZN2bn13audio_manager16execute_commandsEv
                0x08001828      0x6a4 bn_audio_manager.o
                0x08001828                bn::audio_manager::execute_commands()
 .text._ZN3_bn6assert9show_argsIA17_cEEvPKcS4_S4_iRKT_
                0x08001ecc       0x48 bn_audio_manager.o
                0x08001ecc                void _bn::assert::show_args<char [17]>(char const*, char const*, char const*, int, char const (&) [17])
 .text.startup._GLOBAL__sub_I__ZN2bn5audio16update_on_vblankEv
                0x08001f14       0x98 bn_audio_manager.o
 .text._ZN2bn18best_fit_allocator4freeEPv
                0x08001fac      0x110 bn_best_fit_allocator.o
                0x08001fac                bn::best_fit_allocator::free(void*)
 .text._ZN3_bn6assert9show_argsIA23_cEEvPKcS4_S4_iRKT_
                0x080020bc       0x48 bn_best_fit_allocator.o
                0x080020bc                void _bn::assert::show_args<char [23]>(char const*, char const*, char const*, int, char const (&) [23])
 .text._ZN2bn18best_fit_allocatorD2Ev
                0x08002104       0x38 bn_best_fit_allocator.o
                0x08002104                bn::best_fit_allocator::~best_fit_allocator()
                0x08002104                bn::best_fit_allocator::~best_fit_allocator()
 .text._ZN2bn18best_fit_allocator5allocEi
                0x0800213c      0x15c bn_best_fit_allocator.o
                0x0800213c                bn::best_fit_allocator::alloc(int)
 .text._ZN3_bn6assert9show_argsIA14_cEEvPKcS4_S4_iRKT_
                0x08002298       0x48 bn_best_fit_allocator.o
                0x08002298                void _bn::assert::show_args<char [14]>(char const*, char const*, char const*, int, char const (&) [14])
 .text._ZN3_bn6assert9show_argsIA21_cEEvPKcS4_S4_iRKT_
                0x080022e0       0x48 bn_best_fit_allocator.o
                0x080022e0                void _bn::assert::show_args<char [21]>(char const*, char const*, char const*, int, char const (&) [21])
 .text._ZN2bn18best_fit_allocator5resetEPvi
                0x08002328       0xbc bn_best_fit_allocator.o
                0x08002328                bn::best_fit_allocator::reset(void*, int)
 .text._ZN2bn17bg_blocks_manager12_GLOBAL__N_117_hw_commit_offsetEPKtjtPt
                0x080023e4       0x78 bn_bg_blocks_manager.o
 .text._ZN2bn13ostringstream11append_argsIiJA4_ctEEEvRKT_DpRKT0_.isra.0
                0x0800245c       0x24 bn_bg_blocks_manager.o
 .text._ZN2bn13ostringstream11append_argsIiJA4_ciEEEvRKT_DpRKT0_.isra.0
                0x08002480       0x24 bn_bg_blocks_manager.o
 .text._ZN2bn18regular_bg_map_ptrC2ERKS0_
                0x080024a4       0x20 bn_bg_blocks_manager.o
                0x080024a4                bn::regular_bg_map_ptr::regular_bg_map_ptr(bn::regular_bg_map_ptr const&)
                0x080024a4                bn::regular_bg_map_ptr::regular_bg_map_ptr(bn::regular_bg_map_ptr const&)
 .text._ZNK2bn18regular_bg_map_ptr2idEv
                0x080024c4       0x18 bn_bg_blocks_manager.o
                0x080024c4                bn::regular_bg_map_ptr::id() const
 .text._ZNK2bn18regular_bg_map_ptr10dimensionsEv
                0x080024dc       0x20 bn_bg_blocks_manager.o
                0x080024dc                bn::regular_bg_map_ptr::dimensions() const
 .text._ZNK2bn18regular_bg_map_ptr3bigEv
                0x080024fc       0x18 bn_bg_blocks_manager.o
                0x080024fc                bn::regular_bg_map_ptr::big() const
 .text._ZNK2bn20regular_bg_tiles_ptr3cbbEv
                0x08002514       0x18 bn_bg_blocks_manager.o
                0x08002514                bn::regular_bg_tiles_ptr::cbb() const
 .text._ZNK2bn17affine_bg_map_ptr2idEv
                0x0800252c       0x18 bn_bg_blocks_manager.o
                0x0800252c                bn::affine_bg_map_ptr::id() const
 .text._ZNK2bn17affine_bg_map_ptr10dimensionsEv
                0x08002544       0x20 bn_bg_blocks_manager.o
                0x08002544                bn::affine_bg_map_ptr::dimensions() const
 .text._ZNK2bn19affine_bg_tiles_ptr3cbbEv
                0x08002564       0x18 bn_bg_blocks_manager.o
                0x08002564                bn::affine_bg_tiles_ptr::cbb() const
 .text._ZN2bn17bg_blocks_manager10log_statusEv
                0x0800257c      0x45c bn_bg_blocks_manager.o
                0x0800257c                bn::bg_blocks_manager::log_status()
 .text._ZN2bn17bg_blocks_manager15decrease_usagesEi
                0x080029d8       0x98 bn_bg_blocks_manager.o
                0x080029d8                bn::bg_blocks_manager::decrease_usages(int)
 .text._ZN2bn18regular_bg_map_ptrD2Ev
                0x08002a70       0x18 bn_bg_blocks_manager.o
                0x08002a70                bn::regular_bg_map_ptr::~regular_bg_map_ptr()
                0x08002a70                bn::regular_bg_map_ptr::~regular_bg_map_ptr()
 .text._ZN2bn17bg_blocks_manager12_GLOBAL__N_111static_dataD2Ev
                0x08002a88       0x54 bn_bg_blocks_manager.o
 .text._ZN2bn17bg_blocks_manager12_GLOBAL__N_110items_list12insert_afterEiRKNS1_9item_typeE.constprop.0
                0x08002adc      0x26c bn_bg_blocks_manager.o
 .text._ZN2bn17bg_blocks_manager4initEv
                0x08002d48       0x8c bn_bg_blocks_manager.o
                0x08002d48                bn::bg_blocks_manager::init()
 .text._ZN2bn17bg_blocks_manager11must_commitEi
                0x08002dd4       0x18 bn_bg_blocks_manager.o
                0x08002dd4                bn::bg_blocks_manager::must_commit(int)
 .text._ZN2bn17bg_blocks_manager6updateEv
                0x08002dec      0x258 bn_bg_blocks_manager.o
                0x08002dec                bn::bg_blocks_manager::update()
 .text._ZN3_bn6assert9show_argsIA15_ciEEvPKcS4_S4_iRKT_RKT0_
                0x08003044       0x54 bn_bg_blocks_manager.o
                0x08003044                void _bn::assert::show_args<char [15], int>(char const*, char const*, char const*, int, char const (&) [15], int const&)
 .text._ZN3_bn6assert9show_argsIA52_ctEEvPKcS4_S4_iRKT_RKT0_
                0x08003098       0x54 bn_bg_blocks_manager.o
                0x08003098                void _bn::assert::show_args<char [52], unsigned short>(char const*, char const*, char const*, int, char const (&) [52], unsigned short const&)
 .text._ZN3_bn6assert9show_argsIJA20_ciA4_ctEEEvPKcS5_S5_iDpRKT_
                0x080030ec       0x58 bn_bg_blocks_manager.o
                0x080030ec                void _bn::assert::show_args<char [20], int, char [4], unsigned short>(char const*, char const*, char const*, int, char const (&) [20], int const&, char const (&) [4], unsigned short const&)
 .text._ZN3_bn6assert9show_argsIJA22_ciA4_ciEEEvPKcS5_S5_iDpRKT_
                0x08003144       0x58 bn_bg_blocks_manager.o
                0x08003144                void _bn::assert::show_args<char [22], int, char [4], int>(char const*, char const*, char const*, int, char const (&) [22], int const&, char const (&) [4], int const&)
 .text._ZN3_bn6assert9show_argsIJA58_ciA4_ciEEEvPKcS5_S5_iDpRKT_
                0x0800319c       0x58 bn_bg_blocks_manager.o
                0x0800319c                void _bn::assert::show_args<char [58], int, char [4], int>(char const*, char const*, char const*, int, char const (&) [58], int const&, char const (&) [4], int const&)
 .text._ZN3_bn6assert9show_argsIA38_cEEvPKcS4_S4_iRKT_
                0x080031f4       0x48 bn_bg_blocks_manager.o
                0x080031f4                void _bn::assert::show_args<char [38]>(char const*, char const*, char const*, int, char const (&) [38])
 .text._ZN3_bn6assert9show_argsIA27_ciEEvPKcS4_S4_iRKT_RKT0_
                0x0800323c       0x54 bn_bg_blocks_manager.o
                0x0800323c                void _bn::assert::show_args<char [27], int>(char const*, char const*, char const*, int, char const (&) [27], int const&)
 .text._ZN2bn17bg_blocks_manager12_GLOBAL__N_110_hw_commitEPKtNS_16compression_typeEibPt
                0x08003290       0x6c bn_bg_blocks_manager.o
 .text._ZN3_bn6assert9show_argsIA22_ciEEvPKcS4_S4_iRKT_RKT0_
                0x080032fc       0x54 bn_bg_blocks_manager.o
                0x080032fc                void _bn::assert::show_args<char [22], int>(char const*, char const*, char const*, int, char const (&) [22], int const&)
 .text._ZN3_bn6assert9show_argsIA19_cEEvPKcS4_S4_iRKT_
                0x08003350       0x48 bn_bg_blocks_manager.o
                0x08003350                void _bn::assert::show_args<char [19]>(char const*, char const*, char const*, int, char const (&) [19])
 .text._ZN2bn17bg_blocks_manager12_GLOBAL__N_116_find_tiles_implEPKtNS_16compression_typeEib
                0x08003398       0xfc bn_bg_blocks_manager.o
 .text._ZN2bn17bg_blocks_manager12_GLOBAL__N_117_fix_blocks_countERKNS1_9item_typeEi
                0x08003494       0x78 bn_bg_blocks_manager.o
 .text._ZN3_bn6assert9show_argsIA22_cEEvPKcS4_S4_iRKT_
                0x0800350c       0x48 bn_bg_blocks_manager.o
                0x0800350c                void _bn::assert::show_args<char [22]>(char const*, char const*, char const*, int, char const (&) [22])
 .text._ZNK2bn18regular_bg_map_ptr5tilesEv
                0x08003554       0x48 bn_bg_blocks_manager.o
                0x08003554                bn::regular_bg_map_ptr::tiles() const
 .text._ZNK2bn17affine_bg_map_ptr5tilesEv
                0x0800359c       0x48 bn_bg_blocks_manager.o
                0x0800359c                bn::affine_bg_map_ptr::tiles() const
 .text._ZNK2bn18regular_bg_map_ptr3bppEv
                0x080035e4       0x4c bn_bg_blocks_manager.o
                0x080035e4                bn::regular_bg_map_ptr::bpp() const
 .text._ZN2bn17bg_blocks_manager21update_affine_map_rowEiii
                0x08003630      0x168 bn_bg_blocks_manager.o
                0x08003630                bn::bg_blocks_manager::update_affine_map_row(int, int, int)
 .text._ZN2bn17bg_blocks_manager28update_affine_map_bottom_rowEiii
                0x08003798       0x2c bn_bg_blocks_manager.o
                0x08003798                bn::bg_blocks_manager::update_affine_map_bottom_row(int, int, int)
 .text._ZN2bn17bg_blocks_manager23set_affine_map_positionEiii
                0x080037c4      0x214 bn_bg_blocks_manager.o
                0x080037c4                bn::bg_blocks_manager::set_affine_map_position(int, int, int)
 .text._ZN2bn17bg_blocks_manager21update_affine_map_colEiii
                0x080039d8      0x334 bn_bg_blocks_manager.o
                0x080039d8                bn::bg_blocks_manager::update_affine_map_col(int, int, int)
 .text._ZN2bn17bg_blocks_manager27update_affine_map_right_colEiii
                0x08003d0c       0x2c bn_bg_blocks_manager.o
                0x08003d0c                bn::bg_blocks_manager::update_affine_map_right_col(int, int, int)
 .text._ZN2bn17bg_blocks_manager22update_regular_map_rowEiii
                0x08003d38      0x194 bn_bg_blocks_manager.o
                0x08003d38                bn::bg_blocks_manager::update_regular_map_row(int, int, int)
 .text._ZN2bn17bg_blocks_manager22update_regular_map_colEiii
                0x08003ecc      0x1fc bn_bg_blocks_manager.o
                0x08003ecc                bn::bg_blocks_manager::update_regular_map_col(int, int, int)
 .text._ZN2bn17bg_blocks_manager24set_regular_map_positionEiii
                0x080040c8      0x24c bn_bg_blocks_manager.o
                0x080040c8                bn::bg_blocks_manager::set_regular_map_position(int, int, int)
 .text._ZN2bn17bg_blocks_manager21set_regular_map_tilesEiONS_20regular_bg_tiles_ptrE
                0x08004314      0x258 bn_bg_blocks_manager.o
                0x08004314                bn::bg_blocks_manager::set_regular_map_tiles(int, bn::regular_bg_tiles_ptr&&)
 .text._ZN2bn17bg_blocks_manager23set_regular_map_paletteEiONS_14bg_palette_ptrE
                0x0800456c      0x220 bn_bg_blocks_manager.o
                0x0800456c                bn::bg_blocks_manager::set_regular_map_palette(int, bn::bg_palette_ptr&&)
 .text._ZN2bn17bg_blocks_manager12_GLOBAL__N_112_commit_itemERKNS1_9item_typeEb
                0x0800478c      0x1f0 bn_bg_blocks_manager.o
 .text._ZN2bn17bg_blocks_manager12_GLOBAL__N_112_create_itemEiibONS1_11create_dataE
                0x0800497c      0x544 bn_bg_blocks_manager.o
 .text._ZN2bn17bg_blocks_manager12_GLOBAL__N_112_create_implEONS1_11create_dataE
                0x08004ec0      0x1fc bn_bg_blocks_manager.o
 .text._ZN2bn17bg_blocks_manager19commit_uncompressedEb
                0x080050bc       0x58 bn_bg_blocks_manager.o
                0x080050bc                bn::bg_blocks_manager::commit_uncompressed(bool)
 .text._ZN2bn17bg_blocks_manager17commit_compressedEv
                0x08005114       0x48 bn_bg_blocks_manager.o
                0x08005114                bn::bg_blocks_manager::commit_compressed()
 .text._ZN3_bn6assert9show_argsIJA32_cA15_cPKtA16_ciA17_ciA34_cN2bn11string_viewEEEEvPKcSC_SC_iDpRKT_
                0x0800515c       0x90 bn_bg_blocks_manager.o
                0x0800515c                void _bn::assert::show_args<char [32], char [15], unsigned short const*, char [16], int, char [17], int, char [34], bn::string_view>(char const*, char const*, char const*, int, char const (&) [32], char const (&) [15], unsigned short const* const&, char const (&) [16], int const&, char const (&) [17], int const&, char const (&) [34], bn::string_view const&)
 .text._ZN2bn17bg_blocks_manager20create_regular_tilesERKNS_21regular_bg_tiles_itemEb
                0x080051ec      0x138 bn_bg_blocks_manager.o
                0x080051ec                bn::bg_blocks_manager::create_regular_tiles(bn::regular_bg_tiles_item const&, bool)
 .text._ZN3_bn6assert9show_argsIJA30_cA13_cPKtA14_ciA15_ciA17_ciA34_cN2bn11string_viewEEEEvPKcSD_SD_iDpRKT_
                0x08005324       0xa0 bn_bg_blocks_manager.o
                0x08005324                void _bn::assert::show_args<char [30], char [13], unsigned short const*, char [14], int, char [15], int, char [17], int, char [34], bn::string_view>(char const*, char const*, char const*, int, char const (&) [30], char const (&) [13], unsigned short const* const&, char const (&) [14], int const&, char const (&) [15], int const&, char const (&) [17], int const&, char const (&) [34], bn::string_view const&)
 .text._ZN3_bn6assert9show_argsIA31_cEEvPKcS4_S4_iRKT_
                0x080053c4       0x48 bn_bg_blocks_manager.o
                0x080053c4                void _bn::assert::show_args<char [31]>(char const*, char const*, char const*, int, char const (&) [31])
 .text._ZN2bn18regular_bg_map_ptr16reload_cells_refEv
                0x0800540c       0x58 bn_bg_blocks_manager.o
                0x0800540c                bn::regular_bg_map_ptr::reload_cells_ref()
 .text._ZN3_bn6assert9show_argsIJA37_ciA4_ciEEEvPKcS5_S5_iDpRKT_
                0x08005464       0x58 bn_bg_blocks_manager.o
                0x08005464                void _bn::assert::show_args<char [37], int, char [4], int>(char const*, char const*, char const*, int, char const (&) [37], int const&, char const (&) [4], int const&)
 .text._ZN2bn17bg_blocks_manager33set_regular_map_tiles_and_paletteEiONS_20regular_bg_tiles_ptrEONS_14bg_palette_ptrE
                0x080054bc      0x2e8 bn_bg_blocks_manager.o
                0x080054bc                bn::bg_blocks_manager::set_regular_map_tiles_and_palette(int, bn::regular_bg_tiles_ptr&&, bn::bg_palette_ptr&&)
 .text._ZN2bn17bg_blocks_manager12_GLOBAL__N_122_find_regular_map_implERKNS_19regular_bg_map_itemEPKtRKNS_20regular_bg_tiles_ptrERKNS_14bg_palette_ptrE
                0x080057a4      0x2e0 bn_bg_blocks_manager.o
 .text._ZN2bn17bg_blocks_manager18create_regular_mapERKNS_19regular_bg_map_itemEPKtONS_20regular_bg_tiles_ptrEONS_14bg_palette_ptrEb
                0x08005a84      0x280 bn_bg_blocks_manager.o
                0x08005a84                bn::bg_blocks_manager::create_regular_map(bn::regular_bg_map_item const&, unsigned short const*, bn::regular_bg_tiles_ptr&&, bn::bg_palette_ptr&&, bool)
 .text._ZN2bn18regular_bg_map_ptr6createERKNS_15regular_bg_itemEi
                0x08005d04       0xdc bn_bg_blocks_manager.o
                0x08005d04                bn::regular_bg_map_ptr::create(bn::regular_bg_item const&, int)
 .text._ZN3_bn6assert9show_argsIA39_ciEEvPKcS4_S4_iRKT_RKT0_
                0x08005de0       0x54 bn_bg_blocks_manager.o
                0x08005de0                void _bn::assert::show_args<char [39], int>(char const*, char const*, char const*, int, char const (&) [39], int const&)
 .text.startup._GLOBAL__sub_I__ZN2bn7bg_maps16used_cells_countEv
                0x08005e34       0x88 bn_bg_blocks_manager.o
 .text._ZN2bn11bgs_manager12_GLOBAL__N_129_check_unique_regular_big_mapERNS1_9item_typeE
                0x08005ebc       0x68 bn_bgs_manager.o
 .text._ZN2bn11bgs_manager12_GLOBAL__N_111static_dataD2Ev
                0x08005f24       0x10 bn_bgs_manager.o
 .text._ZN2bn11bgs_manager12_GLOBAL__N_133_update_item_hw_affine_attributesERKNS1_9item_typeE
                0x08005f34       0x48 bn_bgs_manager.o
 .text._ZN2bn11bgs_manager4initEv
                0x08005f7c       0x8c bn_bgs_manager.o
                0x08005f7c                bn::bgs_manager::init()
 .text._ZN2bn11bgs_manager5hw_idEPv
                0x08006008        0x8 bn_bgs_manager.o
                0x08006008                bn::bgs_manager::hw_id(void*)
 .text._ZN2bn11bgs_manager11hw_positionEPv
                0x08006010        0x4 bn_bgs_manager.o
                0x08006010                bn::bgs_manager::hw_position(void*)
 .text._ZN2bn11bgs_manager14mat_attributesEPv
                0x08006014        0x4 bn_bgs_manager.o
                0x08006014                bn::bgs_manager::mat_attributes(void*)
 .text._ZN2bn11bgs_manager20update_windows_flagsEPj
                0x08006018       0x7c bn_bgs_manager.o
                0x08006018                bn::bgs_manager::update_windows_flags(unsigned int*)
 .text._ZN2bn11bgs_manager10set_cameraEPvONS_10camera_ptrE
                0x08006094      0x17c bn_bgs_manager.o
                0x08006094                bn::bgs_manager::set_camera(void*, bn::camera_ptr&&)
 .text._ZN2bn14regular_bg_ptr10set_cameraERKNS_10camera_ptrE
                0x08006210       0x24 bn_bgs_manager.o
                0x08006210                bn::regular_bg_ptr::set_camera(bn::camera_ptr const&)
 .text._ZN2bn11bgs_manager14update_camerasEv
                0x08006234      0x14c bn_bgs_manager.o
                0x08006234                bn::bgs_manager::update_cameras()
 .text._ZN2bn11bgs_manager28update_regular_map_tiles_cbbEii
                0x08006380       0xa8 bn_bgs_manager.o
                0x08006380                bn::bgs_manager::update_regular_map_tiles_cbb(int, int)
 .text._ZN2bn11bgs_manager30update_regular_map_palette_bppEiNS_8bpp_modeE
                0x08006428       0xac bn_bgs_manager.o
                0x08006428                bn::bgs_manager::update_regular_map_palette_bpp(int, bn::bpp_mode)
 .text._ZN2bn11bgs_manager36fill_hblank_effect_regular_positionsEiPKNS_7fixed_tILi12EEEPt
                0x080064d4       0x38 bn_bgs_manager.o
                0x080064d4                bn::bgs_manager::fill_hblank_effect_regular_positions(int, bn::fixed_t<12> const*, unsigned short*)
 .text._ZN2bn11bgs_manager45fill_hblank_effect_pivot_horizontal_positionsEPvPKNS_7fixed_tILi12EEEPj
                0x0800650c       0x24 bn_bgs_manager.o
                0x0800650c                bn::bgs_manager::fill_hblank_effect_pivot_horizontal_positions(void*, bn::fixed_t<12> const*, unsigned int*)
 .text._ZN2bn11bgs_manager43fill_hblank_effect_pivot_vertical_positionsEPvPKNS_7fixed_tILi12EEEPj
                0x08006530       0x24 bn_bgs_manager.o
                0x08006530                bn::bgs_manager::fill_hblank_effect_pivot_vertical_positions(void*, bn::fixed_t<12> const*, unsigned int*)
 .text._ZN2bn11bgs_manager6commitEb
                0x08006554       0x58 bn_bgs_manager.o
                0x08006554                bn::bgs_manager::commit(bool)
 .text._ZN2bn11bgs_manager4stopEv
                0x080065ac       0x28 bn_bgs_manager.o
                0x080065ac                bn::bgs_manager::stop()
 .text._ZN3_bn6assert9show_argsIA17_ciEEvPKcS4_S4_iRKT_RKT0_
                0x080065d4       0x54 bn_bgs_manager.o
                0x080065d4                void _bn::assert::show_args<char [17], int>(char const*, char const*, char const*, int, char const (&) [17], int const&)
 .text._ZN3_bn6assert9show_argsIA27_cEEvPKcS4_S4_iRKT_
                0x08006628       0x48 bn_bgs_manager.o
                0x08006628                void _bn::assert::show_args<char [27]>(char const*, char const*, char const*, int, char const (&) [27])
 .text._ZN3_bn6assert9show_argsIA46_cEEvPKcS4_S4_iRKT_
                0x08006670       0x48 bn_bgs_manager.o
                0x08006670                void _bn::assert::show_args<char [46]>(char const*, char const*, char const*, int, char const (&) [46])
 .text._ZN2bn11bgs_manager15rebuild_handlesEv.part.0
                0x080066b8      0x1a8 bn_bgs_manager.o
 .text._ZN2bn18regular_bg_builder11release_mapEv
                0x08006860       0x6c bn_bgs_manager.o
                0x08006860                bn::regular_bg_builder::release_map()
 .text._ZN2bn11bgs_manager37fill_hblank_effect_regular_attributesEPvPKNS_21regular_bg_attributesEPt
                0x080068cc      0x108 bn_bgs_manager.o
                0x080068cc                bn::bgs_manager::fill_hblank_effect_regular_attributes(void*, bn::regular_bg_attributes const*, unsigned short*)
 .text._ZN2bn11bgs_manager6updateEv
                0x080069d4      0x16c bn_bgs_manager.o
                0x080069d4                bn::bgs_manager::update()
 .text._ZN2bn11bgs_manager15commit_big_mapsEv
                0x08006b40      0x1d0 bn_bgs_manager.o
                0x08006b40                bn::bgs_manager::commit_big_maps()
 .text._ZN2bn11bgs_manager12_GLOBAL__N_19item_type18update_regular_mapEv
                0x08006d10      0x1c8 bn_bgs_manager.o
 .text._ZN2bn11bgs_manager36fill_hblank_effect_affine_attributesEPvPKNS_20affine_bg_attributesEPt
                0x08006ed8      0x10c bn_bgs_manager.o
                0x08006ed8                bn::bgs_manager::fill_hblank_effect_affine_attributes(void*, bn::affine_bg_attributes const*, unsigned short*)
 .text._ZN2bn11bgs_manager10affine_mapEPv
                0x08006fe4       0x34 bn_bgs_manager.o
                0x08006fe4                bn::bgs_manager::affine_map(void*)
 .text._ZN2bn11bgs_manager11regular_mapEPv
                0x08007018       0x34 bn_bgs_manager.o
                0x08007018                bn::bgs_manager::regular_map(void*)
 .text._ZNK2bn14regular_bg_ptr3mapEv
                0x0800704c       0x38 bn_bgs_manager.o
                0x0800704c                bn::regular_bg_ptr::map() const
 .text._ZN2bn11bgs_manager12_GLOBAL__N_112_insert_itemERNS1_9item_typeE
                0x08007084      0x104 bn_bgs_manager.o
 .text._ZN3_bn6assert9show_argsIA13_cEEvPKcS4_S4_iRKT_
                0x08007188       0x48 bn_bgs_manager.o
                0x08007188                void _bn::assert::show_args<char [13]>(char const*, char const*, char const*, int, char const (&) [13])
 .text._ZN2bn11bgs_manager6createEONS_18regular_bg_builderE
                0x080071d0      0x1f0 bn_bgs_manager.o
                0x080071d0                bn::bgs_manager::create(bn::regular_bg_builder&&)
 .text._ZNK2bn15regular_bg_item9create_bgENS_7fixed_tILi12EEES2_
                0x080073c0       0x78 bn_bgs_manager.o
                0x080073c0                bn::regular_bg_item::create_bg(bn::fixed_t<12>, bn::fixed_t<12>) const
 .text.startup._GLOBAL__sub_I__ZN2bn3bgs16used_items_countEv
                0x08007438       0x90 bn_bgs_manager.o
 .text._ZN2bn10camera_ptrC2ERKS0_
                0x080074c8       0x20 bn_cameras_manager.o
                0x080074c8                bn::camera_ptr::camera_ptr(bn::camera_ptr const&)
                0x080074c8                bn::camera_ptr::camera_ptr(bn::camera_ptr const&)
 .text._ZN2bn10camera_ptrD2Ev
                0x080074e8       0x38 bn_cameras_manager.o
                0x080074e8                bn::camera_ptr::~camera_ptr()
                0x080074e8                bn::camera_ptr::~camera_ptr()
 .text._ZNK2bn10camera_ptr1xEv
                0x08007520       0x14 bn_cameras_manager.o
                0x08007520                bn::camera_ptr::x() const
 .text._ZNK2bn10camera_ptr1yEv
                0x08007534       0x18 bn_cameras_manager.o
                0x08007534                bn::camera_ptr::y() const
 .text._ZNK2bn10camera_ptr8positionEv
                0x0800754c       0x14 bn_cameras_manager.o
                0x0800754c                bn::camera_ptr::position() const
 .text._ZN2bn10camera_ptr12set_positionENS_7fixed_tILi12EEES2_
                0x08007560       0x38 bn_cameras_manager.o
                0x08007560                bn::camera_ptr::set_position(bn::fixed_t<12>, bn::fixed_t<12>)
 .text._ZN2bn15cameras_manager4initEv
                0x08007598       0x24 bn_cameras_manager.o
                0x08007598                bn::cameras_manager::init()
 .text._ZN2bn15cameras_manager6updateEv
                0x080075bc       0x28 bn_cameras_manager.o
                0x080075bc                bn::cameras_manager::update()
 .text._ZN2bn10camera_ptr6createENS_7fixed_tILi12EEES2_
                0x080075e4       0x58 bn_cameras_manager.o
                0x080075e4                bn::camera_ptr::create(bn::fixed_t<12>, bn::fixed_t<12>)
 .text.startup._GLOBAL__sub_I__ZN2bn7cameras16used_items_countEv
                0x0800763c       0x24 bn_cameras_manager.o
 .text._ZN2bn4core12_GLOBAL__N_14stopEb
                0x08007660       0x58 bn_core.o
 .text._ZN2bn4core12_GLOBAL__N_111update_implEv
                0x080076b8      0x114 bn_core.o
 .text._ZN2bn4core6updateEv
                0x080077cc       0x78 bn_core.o
                0x080077cc                bn::core::update()
 .text._ZN2bn4core4initERKNS_8optionalINS_5colorEEERKNS_11string_viewE
                0x08007844      0x12c bn_core.o
                0x08007844                bn::core::init(bn::optional<bn::color> const&, bn::string_view const&)
 .text._ZN2bn4core4initEv
                0x08007970       0x24 bn_core.o
                0x08007970                bn::core::init()
 .text._ZN2bn4core9on_vblankEv
                0x08007994       0x2c bn_core.o
                0x08007994                bn::core::on_vblank()
 .text._ZN2bn4core5resetEv
                0x080079c0       0x10 bn_core.o
                0x080079c0                bn::core::reset()
 .text._ZN2bn4core18last_missed_framesEv
                0x080079d0        0xc bn_core.o
                0x080079d0                bn::core::last_missed_frames()
 .text._ZN2bn11string_viewC2EPKc
                0x080079dc       0x40 bn_core.o
                0x080079dc                bn::string_view::string_view(char const*)
                0x080079dc                bn::string_view::string_view(char const*)
 .text._ZN3_bn6assert12_GLOBAL__N_110_show_implEPKcS3_S3_iRKN2bn11string_viewE
                0x08007a1c       0x80 bn_core.o
 .text._ZN3_bn6assert4showEPKcS2_S2_iRKN2bn12istring_baseE
                0x08007a9c       0x18 bn_core.o
                0x08007a9c                _bn::assert::show(char const*, char const*, char const*, int, bn::istring_base const&)
 .text._ZN3_bn6assert9show_argsIA18_cEEvPKcS4_S4_iRKT_
                0x08007ab4       0x48 bn_core.o
                0x08007ab4                void _bn::assert::show_args<char [18]>(char const*, char const*, char const*, int, char const (&) [18])
 .text.startup._GLOBAL__sub_I__ZN2bn4core4initEv
                0x08007afc       0x4c bn_core.o
 .text._ZN2bn15display_manager12_GLOBAL__N_111static_dataD2Ev
                0x08007b48       0x34 bn_display_manager.o
 .text._ZN2bn15display_manager12_GLOBAL__N_134_update_rect_windows_hw_boundariesEi
                0x08007b7c       0x7c bn_display_manager.o
 .text._ZN2bn15display_manager4initEv
                0x08007bf8       0xa4 bn_display_manager.o
                0x08007bf8                bn::display_manager::init()
 .text._ZN2bn15display_manager8set_modeEi
                0x08007c9c       0x1c bn_display_manager.o
                0x08007c9c                bn::display_manager::set_mode(int)
 .text._ZN2bn15display_manager14set_bg_enabledEib
                0x08007cb8       0x18 bn_display_manager.o
                0x08007cb8                bn::display_manager::set_bg_enabled(int, bool)
 .text._ZN2bn15display_manager15disable_all_bgsEv
                0x08007cd0       0x14 bn_display_manager.o
                0x08007cd0                bn::display_manager::disable_all_bgs()
 .text._ZN2bn15display_manager36fill_mosaic_hblank_effect_attributesEPKNS_17mosaic_attributesEPt
                0x08007ce4       0xb4 bn_display_manager.o
                0x08007ce4                bn::display_manager::fill_mosaic_hblank_effect_attributes(bn::mosaic_attributes const*, unsigned short*)
 .text._ZN2bn15display_manager27set_blending_top_bg_enabledEib
                0x08007d98       0x20 bn_display_manager.o
                0x08007d98                bn::display_manager::set_blending_top_bg_enabled(int, bool)
 .text._ZN2bn15display_manager30set_blending_bottom_bg_enabledEib
                0x08007db8       0x20 bn_display_manager.o
                0x08007db8                bn::display_manager::set_blending_bottom_bg_enabled(int, bool)
 .text._ZN2bn15display_manager32blending_transparency_top_weightEv
                0x08007dd8       0x18 bn_display_manager.o
                0x08007dd8                bn::display_manager::blending_transparency_top_weight()
 .text._ZN2bn15display_manager35blending_transparency_bottom_weightEv
                0x08007df0       0x28 bn_display_manager.o
                0x08007df0                bn::display_manager::blending_transparency_bottom_weight()
 .text._ZN2bn15display_manager51fill_blending_transparency_hblank_effect_attributesEPKNS_32blending_transparency_attributesEPt
                0x08007e18       0x30 bn_display_manager.o
                0x08007e18                bn::display_manager::fill_blending_transparency_hblank_effect_attributes(bn::blending_transparency_attributes const*, unsigned short*)
 .text._ZN2bn15display_manager21blending_fade_enabledEv
                0x08007e48        0xc bn_display_manager.o
                0x08007e48                bn::display_manager::blending_fade_enabled()
 .text._ZN2bn15display_manager39fill_blending_fade_hblank_effect_alphasEPKNS_19blending_fade_alphaEPt
                0x08007e54       0x24 bn_display_manager.o
                0x08007e54                bn::display_manager::fill_blending_fade_hblank_effect_alphas(bn::blending_fade_alpha const*, unsigned short*)
 .text._ZN2bn15display_manager26update_windows_visible_bgsEv
                0x08007e78       0x14 bn_display_manager.o
                0x08007e78                bn::display_manager::update_windows_visible_bgs()
 .text._ZN2bn15display_manager36rect_window_hw_horizontal_boundariesEi
                0x08007e8c       0x18 bn_display_manager.o
                0x08007e8c                bn::display_manager::rect_window_hw_horizontal_boundaries(int)
 .text._ZN2bn15display_manager34rect_window_hw_vertical_boundariesEi
                0x08007ea4       0x18 bn_display_manager.o
                0x08007ea4                bn::display_manager::rect_window_hw_vertical_boundaries(int)
 .text._ZN2bn15display_manager52fill_rect_window_hblank_effect_horizontal_boundariesERKSt4pairIiiEPKS1_INS_7fixed_tILi12EEES6_EPt
                0x08007ebc      0x134 bn_display_manager.o
                0x08007ebc                bn::display_manager::fill_rect_window_hblank_effect_horizontal_boundaries(std::pair<int, int> const&, std::pair<bn::fixed_t<12>, bn::fixed_t<12> > const*, unsigned short*)
 .text._ZN2bn15display_manager50fill_rect_window_hblank_effect_vertical_boundariesERKSt4pairIiiEPKS1_INS_7fixed_tILi12EEES6_EPt
                0x08007ff0      0x134 bn_display_manager.o
                0x08007ff0                bn::display_manager::fill_rect_window_hblank_effect_vertical_boundaries(std::pair<int, int> const&, std::pair<bn::fixed_t<12>, bn::fixed_t<12> > const*, unsigned short*)
 .text._ZN2bn15display_manager36fill_green_swap_hblank_effect_statesEPKbPt
                0x08008124       0x38 bn_display_manager.o
                0x08008124                bn::display_manager::fill_green_swap_hblank_effect_states(bool const*, unsigned short*)
 .text._ZN2bn15display_manager14update_camerasEv
                0x0800815c       0x40 bn_display_manager.o
                0x0800815c                bn::display_manager::update_cameras()
 .text._ZN2bn15display_manager6updateEv
                0x0800819c      0x250 bn_display_manager.o
                0x0800819c                bn::display_manager::update()
 .text._ZN2bn15display_manager6commitEv
                0x080083ec      0x12c bn_display_manager.o
                0x080083ec                bn::display_manager::commit()
 .text._ZN2bn15display_manager4stopEv
                0x08008518       0x30 bn_display_manager.o
                0x08008518                bn::display_manager::stop()
 .text._ZN3_bn6assert9show_argsIA66_cEEvPKcS4_S4_iRKT_
                0x08008548       0x48 bn_display_manager.o
                0x08008548                void _bn::assert::show_args<char [66]>(char const*, char const*, char const*, int, char const (&) [66])
 .text.startup._GLOBAL__sub_I__ZNK2bn6window7show_bgERKNS_14regular_bg_ptrE
                0x08008590       0xa4 bn_display_manager.o
 .text._ZN2bn12gpio_manager5sleepEv
                0x08008634       0x28 bn_gpio_manager.o
                0x08008634                bn::gpio_manager::sleep()
 .text._ZN2bn22hblank_effects_manager12_GLOBAL__N_19item_type18_output_values_ptrEv
                0x0800865c       0x40 bn_hblank_effects_manager.o
 .text._ZN2bn22hblank_effects_manager7disableEv
                0x0800869c       0x24 bn_hblank_effects_manager.o
                0x0800869c                bn::hblank_effects_manager::disable()
 .text._ZN2bn22hblank_effects_manager4stopEv
                0x080086c0       0x38 bn_hblank_effects_manager.o
                0x080086c0                bn::hblank_effects_manager::stop()
 .text._ZN2bn22hblank_effects_manager6commitEv
                0x080086f8       0x88 bn_hblank_effects_manager.o
                0x080086f8                bn::hblank_effects_manager::commit()
 .text._ZN2bn22hblank_effects_manager12_GLOBAL__N_110_is_uint32ENS0_12handler_typeE
                0x08008780       0x64 bn_hblank_effects_manager.o
 .text._ZN2bn22hblank_effects_manager12_GLOBAL__N_19item_type12check_updateEv
                0x080087e4     0x1640 bn_hblank_effects_manager.o
 .text._ZN2bn22hblank_effects_manager6updateEv
                0x08009e24      0x1ec bn_hblank_effects_manager.o
                0x08009e24                bn::hblank_effects_manager::update()
 .text._ZN2bn22hblank_effects_manager4initEv
                0x0800a010      0x190 bn_hblank_effects_manager.o
                0x0800a010                bn::hblank_effects_manager::init()
 .text.startup._GLOBAL__sub_I__ZN2bn4hbes10used_countEv
                0x0800a1a0       0xe8 bn_hblank_effects_manager.o
 .text._ZN2bn12hdma_manager4initEv
                0x0800a288       0x40 bn_hdma_manager.o
                0x0800a288                bn::hdma_manager::init()
 .text._ZN2bn12hdma_manager10force_stopEv
                0x0800a2c8       0x3c bn_hdma_manager.o
                0x0800a2c8                bn::hdma_manager::force_stop()
 .text._ZN2bn12hdma_manager7disableEv
                0x0800a304       0x30 bn_hdma_manager.o
                0x0800a304                bn::hdma_manager::disable()
 .text._ZN2bn12hdma_manager6updateEv
                0x0800a334       0x6c bn_hdma_manager.o
                0x0800a334                bn::hdma_manager::update()
 .text._ZN2bn12hdma_manager6commitEb
                0x0800a3a0      0x120 bn_hdma_manager.o
                0x0800a3a0                bn::hdma_manager::commit(bool)
 .text.startup._GLOBAL__sub_I__ZN2bn4hdma7runningEv
                0x0800a4c0       0x34 bn_hdma_manager.o
 .text._ZN2bn6keypad6a_heldEv
                0x0800a4f4       0x10 bn_keypad_manager.o
                0x0800a4f4                bn::keypad::a_held()
 .text._ZN2bn6keypad9a_pressedEv
                0x0800a504       0x10 bn_keypad_manager.o
                0x0800a504                bn::keypad::a_pressed()
 .text._ZN2bn6keypad6b_heldEv
                0x0800a514       0x10 bn_keypad_manager.o
                0x0800a514                bn::keypad::b_held()
 .text._ZN2bn6keypad11select_heldEv
                0x0800a524       0x10 bn_keypad_manager.o
                0x0800a524                bn::keypad::select_held()
 .text._ZN2bn6keypad10start_heldEv
                0x0800a534       0x10 bn_keypad_manager.o
                0x0800a534                bn::keypad::start_held()
 .text._ZN2bn6keypad10right_heldEv
                0x0800a544       0x10 bn_keypad_manager.o
                0x0800a544                bn::keypad::right_held()
 .text._ZN2bn6keypad9left_heldEv
                0x0800a554       0x10 bn_keypad_manager.o
                0x0800a554                bn::keypad::left_held()
 .text._ZN2bn6keypad7up_heldEv
                0x0800a564       0x10 bn_keypad_manager.o
                0x0800a564                bn::keypad::up_held()
 .text._ZN2bn6keypad9down_heldEv
                0x0800a574        0xc bn_keypad_manager.o
                0x0800a574                bn::keypad::down_held()
 .text._ZN2bn14keypad_manager4stopEv
                0x0800a580        0x4 bn_keypad_manager.o
                0x0800a580                bn::keypad_manager::stop()
 .text._ZN2bn14keypad_manager6updateEv
                0x0800a584       0xa8 bn_keypad_manager.o
                0x0800a584                bn::keypad_manager::update()
 .text._ZN2bn14keypad_manager4initERKNS_11string_viewE
                0x0800a62c       0x64 bn_keypad_manager.o
                0x0800a62c                bn::keypad_manager::init(bn::string_view const&)
 .text._ZN2bn12link_manager4initEv
                0x0800a690        0xc bn_link_manager.o
                0x0800a690                bn::link_manager::init()
 .text._ZN2bn12link_manager6activeEv
                0x0800a69c        0xc bn_link_manager.o
                0x0800a69c                bn::link_manager::active()
 .text._ZN2bn12link_manager7disableEv
                0x0800a6a8       0x18 bn_link_manager.o
                0x0800a6a8                bn::link_manager::disable()
 .text._ZN2bn14memory_manager12_GLOBAL__N_111static_dataD2Ev
                0x0800a6c0       0x10 bn_memory_manager.o
 .text._ZdlPvj  0x0800a6d0       0x18 bn_memory_manager.o
                0x0800a6d0                operator delete(void*, unsigned int)
 .text._ZN3_bn6memory23unsafe_clear_half_wordsEiPv
                0x0800a6e8       0x14 bn_memory_manager.o
                0x0800a6e8                _bn::memory::unsafe_clear_half_words(int, void*)
 .text._ZN2bn14memory_manager4initEv
                0x0800a6fc       0x2c bn_memory_manager.o
                0x0800a6fc                bn::memory_manager::init()
 .text._ZN3_bn6assert9show_argsIA35_cjEEvPKcS4_S4_iRKT_RKT0_
                0x0800a728       0x54 bn_memory_manager.o
                0x0800a728                void _bn::assert::show_args<char [35], unsigned int>(char const*, char const*, char const*, int, char const (&) [35], unsigned int const&)
 .text._Znwj    0x0800a77c       0x40 bn_memory_manager.o
                0x0800a77c                operator new(unsigned int)
 .text.startup._GLOBAL__sub_I__Znwj
                0x0800a7bc       0x20 bn_memory_manager.o
 .text._ZN2bn16palettes_manager12_GLOBAL__N_111static_dataD2Ev
                0x0800a7dc        0x4 bn_palettes_manager.o
 .text._ZN2bn2hw8palettes9grayscaleEPKNS_5colorEiiPS2_.part.0
                0x0800a7e0       0x40 bn_palettes_manager.o
 .text._ZN2bn14bg_palette_ptrC2ERKS0_
                0x0800a820       0x2c bn_palettes_manager.o
                0x0800a820                bn::bg_palette_ptr::bg_palette_ptr(bn::bg_palette_ptr const&)
                0x0800a820                bn::bg_palette_ptr::bg_palette_ptr(bn::bg_palette_ptr const&)
 .text._ZNK2bn14bg_palette_ptr3bppEv
                0x0800a84c       0x20 bn_palettes_manager.o
                0x0800a84c                bn::bg_palette_ptr::bpp() const
 .text._ZNK2bn18sprite_palette_ptr3bppEv
                0x0800a86c       0x1c bn_palettes_manager.o
                0x0800a86c                bn::sprite_palette_ptr::bpp() const
 .text._ZNK2bn13palettes_bank10log_statusEv
                0x0800a888      0x17c bn_palettes_manager.o
                0x0800a888                bn::palettes_bank::log_status() const
 .text._ZN2bn13palettes_bank10find_bpp_4ERKNS_4spanIKNS_5colorEEEt
                0x0800aa04      0x118 bn_palettes_manager.o
                0x0800aa04                bn::palettes_bank::find_bpp_4(bn::span<bn::color const> const&, unsigned short)
 .text._ZNK2bn13palettes_bank20retrieve_commit_dataEv
                0x0800ab1c       0x4c bn_palettes_manager.o
                0x0800ab1c                bn::palettes_bank::retrieve_commit_data() const
 .text._ZNK2bn13palettes_bank21_apply_global_effectsEiPNS_5colorE
                0x0800ab68      0x13c bn_palettes_manager.o
                0x0800ab68                bn::palettes_bank::_apply_global_effects(int, bn::color*) const
 .text._ZNK2bn13palettes_bank25fill_hblank_effect_colorsEPKNS_5colorEPt
                0x0800aca4       0x30 bn_palettes_manager.o
                0x0800aca4                bn::palettes_bank::fill_hblank_effect_colors(bn::color const*, unsigned short*) const
 .text._ZNK2bn13palettes_bank7palette13apply_effectsEiPNS_5colorE
                0x0800acd4       0xbc bn_palettes_manager.o
                0x0800acd4                bn::palettes_bank::palette::apply_effects(int, bn::color*) const
 .text._ZNK2bn13palettes_bank25fill_hblank_effect_colorsEiPKNS_5colorEPt
                0x0800ad90       0x44 bn_palettes_manager.o
                0x0800ad90                bn::palettes_bank::fill_hblank_effect_colors(int, bn::color const*, unsigned short*) const
 .text._ZN2bn13palettes_bank15_update_paletteEi
                0x0800add4       0x7c bn_palettes_manager.o
                0x0800add4                bn::palettes_bank::_update_palette(int)
 .text._ZN2bn13palettes_bank6updateEv
                0x0800ae50      0x134 bn_palettes_manager.o
                0x0800ae50                bn::palettes_bank::update()
 .text._ZN2bn13palettes_bankC2Ev
                0x0800af84       0xd4 bn_palettes_manager.o
                0x0800af84                bn::palettes_bank::palettes_bank()
                0x0800af84                bn::palettes_bank::palettes_bank()
 .text._ZN2bn16palettes_manager4initERKNS_8optionalINS_5colorEEE
                0x0800b058      0x184 bn_palettes_manager.o
                0x0800b058                bn::palettes_manager::init(bn::optional<bn::color> const&)
 .text._ZN2bn16palettes_manager20sprite_palettes_bankEv
                0x0800b1dc        0x8 bn_palettes_manager.o
                0x0800b1dc                bn::palettes_manager::sprite_palettes_bank()
 .text._ZN2bn16palettes_manager16bg_palettes_bankEv
                0x0800b1e4        0x8 bn_palettes_manager.o
                0x0800b1e4                bn::palettes_manager::bg_palettes_bank()
 .text._ZN2bn16palettes_manager6updateEv
                0x0800b1ec       0x20 bn_palettes_manager.o
                0x0800b1ec                bn::palettes_manager::update()
 .text._ZN2bn16palettes_manager6commitEb
                0x0800b20c      0x104 bn_palettes_manager.o
                0x0800b20c                bn::palettes_manager::commit(bool)
 .text._ZN2bn16palettes_manager4stopEv
                0x0800b310       0x20 bn_palettes_manager.o
                0x0800b310                bn::palettes_manager::stop()
 .text._ZN3_bn6assert9show_argsIA35_cEEvPKcS4_S4_iRKT_
                0x0800b330       0x48 bn_palettes_manager.o
                0x0800b330                void _bn::assert::show_args<char [35]>(char const*, char const*, char const*, int, char const (&) [35])
 .text._ZN2bn13palettes_bank11colors_hashERKNS_4spanIKNS_5colorEEE
                0x0800b378       0x48 bn_palettes_manager.o
                0x0800b378                bn::palettes_bank::colors_hash(bn::span<bn::color const> const&)
 .text._ZN3_bn6assert9show_argsIJA43_ciA38_cA42_cEEEvPKcS6_S6_iDpRKT_
                0x0800b3c0       0x64 bn_palettes_manager.o
                0x0800b3c0                void _bn::assert::show_args<char [43], int, char [38], char [42]>(char const*, char const*, char const*, int, char const (&) [43], int const&, char const (&) [38], char const (&) [42])
 .text._ZN2bn13palettes_bank12create_bpp_8ERKNS_4spanIKNS_5colorEEENS_16compression_typeEb
                0x0800b424      0x230 bn_palettes_manager.o
                0x0800b424                bn::palettes_bank::create_bpp_8(bn::span<bn::color const> const&, bn::compression_type, bool)
 .text._ZNK2bn19sprite_palette_item10decompressENS_4spanINS_5colorEEE
                0x0800b654      0x16c bn_palettes_manager.o
                0x0800b654                bn::sprite_palette_item::decompress(bn::span<bn::color>) const
 .text._ZNK2bn15bg_palette_item10decompressENS_4spanINS_5colorEEE
                0x0800b7c0      0x16c bn_palettes_manager.o
                0x0800b7c0                bn::bg_palette_item::decompress(bn::span<bn::color>) const
 .text._ZN2bn14iunordered_mapItsNS_15identity_hasherENS_8equal_toItEEE21insert_or_assign_hashEjOSt4pairIKtsE.isra.0
                0x0800b92c      0x110 bn_palettes_manager.o
 .text._ZN2bn13palettes_bank12create_bpp_4ERKNS_4spanIKNS_5colorEEEtb
                0x0800ba3c      0x168 bn_palettes_manager.o
                0x0800ba3c                bn::palettes_bank::create_bpp_4(bn::span<bn::color const> const&, unsigned short, bool)
 .text._ZN2bn12_GLOBAL__N_112_create_implERKNS_15bg_palette_itemEb
                0x0800bba4       0x94 bn_palettes_manager.o
 .text._ZN2bn14bg_palette_ptr6createERKNS_15bg_palette_itemE
                0x0800bc38       0x54 bn_palettes_manager.o
                0x0800bc38                bn::bg_palette_ptr::create(bn::bg_palette_item const&)
 .text._ZN2bn12_GLOBAL__N_112_create_implERKNS_19sprite_palette_itemEb
                0x0800bc8c       0x7c bn_palettes_manager.o
 .text._ZN2bn18sprite_palette_ptr6createERKNS_19sprite_palette_itemE
                0x0800bd08       0x48 bn_palettes_manager.o
                0x0800bd08                bn::sprite_palette_ptr::create(bn::sprite_palette_item const&)
 .text._ZN2bn13palettes_bank30_erase_bpp_4_indexes_map_indexEt
                0x0800bd50      0x1e0 bn_palettes_manager.o
                0x0800bd50                bn::palettes_bank::_erase_bpp_4_indexes_map_index(unsigned short)
 .text._ZN2bn13palettes_bank15decrease_usagesEi
                0x0800bf30       0x80 bn_palettes_manager.o
                0x0800bf30                bn::palettes_bank::decrease_usages(int)
 .text._ZN2bn14bg_palette_ptraSERKS0_
                0x0800bfb0       0x4c bn_palettes_manager.o
                0x0800bfb0                bn::bg_palette_ptr::operator=(bn::bg_palette_ptr const&)
 .text._ZN2bn14bg_palette_ptrD2Ev
                0x0800bffc       0x20 bn_palettes_manager.o
                0x0800bffc                bn::bg_palette_ptr::~bg_palette_ptr()
                0x0800bffc                bn::bg_palette_ptr::~bg_palette_ptr()
 .text._ZN2bn18sprite_palette_ptrD2Ev
                0x0800c01c       0x20 bn_palettes_manager.o
                0x0800c01c                bn::sprite_palette_ptr::~sprite_palette_ptr()
                0x0800c01c                bn::sprite_palette_ptr::~sprite_palette_ptr()
 .text.startup._GLOBAL__sub_I__ZN2bn11bg_palettes17used_colors_countEv
                0x0800c03c       0x34 bn_palettes_manager.o
 .text._ZN2bn26sprite_affine_mats_manager12_GLOBAL__N_119_sprite_double_sizeILi32ELi16EEEbiiiii
                0x0800c070       0x84 bn_sprite_affine_mats_manager.o
 .text._ZN2bn26sprite_affine_mats_manager12_GLOBAL__N_119_sprite_double_sizeILi16ELi32EEEbiiiii
                0x0800c0f4       0x84 bn_sprite_affine_mats_manager.o
 .text._ZN2bn26sprite_affine_mats_manager12_GLOBAL__N_111static_dataD2Ev
                0x0800c178       0x3c bn_sprite_affine_mats_manager.o
 .text._ZNK2bn26sprite_affine_mats_manager12_GLOBAL__N_19item_type18sprite_double_sizeEiRKNS_17sprite_shape_sizeE.isra.0
                0x0800c1b4      0x1ac bn_sprite_affine_mats_manager.o
 .text._ZNK2bn21sprite_affine_mat_ptr15horizontal_flipEv
                0x0800c360       0x18 bn_sprite_affine_mats_manager.o
                0x0800c360                bn::sprite_affine_mat_ptr::horizontal_flip() const
 .text._ZN2bn21sprite_affine_mat_ptr19set_horizontal_flipEb
                0x0800c378       0x78 bn_sprite_affine_mats_manager.o
                0x0800c378                bn::sprite_affine_mat_ptr::set_horizontal_flip(bool)
 .text._ZNK2bn21sprite_affine_mat_ptr13vertical_flipEv
                0x0800c3f0       0x18 bn_sprite_affine_mats_manager.o
                0x0800c3f0                bn::sprite_affine_mat_ptr::vertical_flip() const
 .text._ZN2bn26sprite_affine_mats_manager20retrieve_commit_dataEv
                0x0800c408       0x38 bn_sprite_affine_mats_manager.o
                0x0800c408                bn::sprite_affine_mats_manager::retrieve_commit_data()
 .text._ZN3_bn6assert9show_argsIA37_cEEvPKcS4_S4_iRKT_
                0x0800c440       0x48 bn_sprite_affine_mats_manager.o
                0x0800c440                void _bn::assert::show_args<char [37]>(char const*, char const*, char const*, int, char const (&) [37])
 .text._ZN3_bn6assert9show_argsIA16_cEEvPKcS4_S4_iRKT_
                0x0800c488       0x48 bn_sprite_affine_mats_manager.o
                0x0800c488                void _bn::assert::show_args<char [16]>(char const*, char const*, char const*, int, char const (&) [16])
 .text._ZN2bn26sprite_affine_mats_manager15decrease_usagesEi.part.0
                0x0800c4d0       0x70 bn_sprite_affine_mats_manager.o
 .text._ZN2bn21sprite_affine_mat_ptrD2Ev
                0x0800c540       0x34 bn_sprite_affine_mats_manager.o
                0x0800c540                bn::sprite_affine_mat_ptr::~sprite_affine_mat_ptr()
                0x0800c540                bn::sprite_affine_mat_ptr::~sprite_affine_mat_ptr()
 .text._ZN2bn26sprite_affine_mats_manager6updateEv
                0x0800c574      0x2cc bn_sprite_affine_mats_manager.o
                0x0800c574                bn::sprite_affine_mats_manager::update()
 .text._ZN2bn26sprite_affine_mats_manager4initEPv
                0x0800c840      0x108 bn_sprite_affine_mats_manager.o
                0x0800c840                bn::sprite_affine_mats_manager::init(void*)
 .text._ZN2bn26sprite_affine_mats_manager14dettach_spriteEiRNS_24intrusive_list_node_typeE
                0x0800c948       0x4c bn_sprite_affine_mats_manager.o
                0x0800c948                bn::sprite_affine_mats_manager::dettach_sprite(int, bn::intrusive_list_node_type&)
 .text.startup._GLOBAL__sub_I__ZN2bn18sprite_affine_mats10used_countEv
                0x0800c994       0xb4 bn_sprite_affine_mats_manager.o
 .text._ZN2bn22isprite_animate_action9_set_refsERNS_10sprite_ptrERNS_17sprite_tiles_itemERNS_7ivectorItEE
                0x0800ca48        0x4 bn_sprite_animate_actions.o
                0x0800ca48                bn::isprite_animate_action::_set_refs(bn::sprite_ptr&, bn::sprite_tiles_item&, bn::ivector<unsigned short>&)
 .text._ZN2bn22isprite_animate_action7_assignERKS0_
                0x0800ca4c       0x10 bn_sprite_animate_actions.o
                0x0800ca4c                bn::isprite_animate_action::_assign(bn::isprite_animate_action const&)
 .text._ZN2bn22isprite_animate_action16set_wait_updatesEi
                0x0800ca5c       0x68 bn_sprite_animate_actions.o
                0x0800ca5c                bn::isprite_animate_action::set_wait_updates(int)
 .text._ZN3_bn6assert9show_argsIA33_ciEEvPKcS4_S4_iRKT_RKT0_
                0x0800cac4       0x54 bn_sprite_animate_actions.o
                0x0800cac4                void _bn::assert::show_args<char [33], int>(char const*, char const*, char const*, int, char const (&) [33], int const&)
 .text._ZN2bn22isprite_animate_action24_assign_graphics_indexesERKNS_4spanIKtEE
                0x0800cb18       0x84 bn_sprite_animate_actions.o
                0x0800cb18                bn::isprite_animate_action::_assign_graphics_indexes(bn::span<unsigned short const> const&)
 .text._ZN2bn22isprite_animate_action6updateEv
                0x0800cb9c       0xb8 bn_sprite_animate_actions.o
                0x0800cb9c                bn::isprite_animate_action::update()
 .text._ZN3_bn6assert9show_argsIA54_cEEvPKcS4_S4_iRKT_
                0x0800cc54       0x48 bn_sprite_text_generator.o
                0x0800cc54                void _bn::assert::show_args<char [54]>(char const*, char const*, char const*, int, char const (&) [54])
 .text._ZN3_bn6assert9show_argsIJA25_ciA4_ctEEEvPKcS5_S5_iDpRKT_
                0x0800cc9c       0x64 bn_sprite_text_generator.o
                0x0800cc9c                void _bn::assert::show_args<char [25], int, char [4], unsigned short>(char const*, char const*, char const*, int, char const (&) [25], int const&, char const (&) [4], unsigned short const&)
 .text._ZNK2bn16sprite_tiles_ptr2idEv
                0x0800cd00       0x18 bn_sprite_tiles_manager.o
                0x0800cd00                bn::sprite_tiles_ptr::id() const
 .text._ZNK2bn16sprite_tiles_ptr11tiles_countEv
                0x0800cd18       0x18 bn_sprite_tiles_manager.o
                0x0800cd18                bn::sprite_tiles_ptr::tiles_count() const
 .text._ZN2bn20sprite_tiles_manager10log_statusEv
                0x0800cd30      0x1f0 bn_sprite_tiles_manager.o
                0x0800cd30                bn::sprite_tiles_manager::log_status()
 .text._ZN2bn20sprite_tiles_manager19commit_uncompressedEb
                0x0800cf20       0xdc bn_sprite_tiles_manager.o
                0x0800cf20                bn::sprite_tiles_manager::commit_uncompressed(bool)
 .text._ZN3_bn6assert9show_argsIJA44_cPKN2bn4tileEA4_cS6_EEEvPKcS9_S9_iDpRKT_
                0x0800cffc       0x64 bn_sprite_tiles_manager.o
                0x0800cffc                void _bn::assert::show_args<char [44], bn::tile const*, char [4], bn::tile const*>(char const*, char const*, char const*, int, char const (&) [44], bn::tile const* const&, char const (&) [4], bn::tile const* const&)
 .text._ZN3_bn6assert9show_argsIJA46_ciA4_cjEEEvPKcS5_S5_iDpRKT_
                0x0800d060       0x64 bn_sprite_tiles_manager.o
                0x0800d060                void _bn::assert::show_args<char [46], int, char [4], unsigned int>(char const*, char const*, char const*, int, char const (&) [46], int const&, char const (&) [4], unsigned int const&)
 .text._ZN2bn20sprite_tiles_manager12_GLOBAL__N_110_hw_commitEPKNS_4tileENS_16compression_typeEii
                0x0800d0c4       0x9c bn_sprite_tiles_manager.o
 .text._ZN2bn20sprite_tiles_manager17commit_compressedEv
                0x0800d160       0x68 bn_sprite_tiles_manager.o
                0x0800d160                bn::sprite_tiles_manager::commit_compressed()
 .text._ZN3_bn6assert9show_argsIJA28_cA15_cPKN2bn4tileEA16_ciA34_cNS4_11string_viewEEEEvPKcSC_SC_iDpRKT_
                0x0800d1c8       0x7c bn_sprite_tiles_manager.o
                0x0800d1c8                void _bn::assert::show_args<char [28], char [15], bn::tile const*, char [16], int, char [34], bn::string_view>(char const*, char const*, char const*, int, char const (&) [28], char const (&) [15], bn::tile const* const&, char const (&) [16], int const&, char const (&) [34], bn::string_view const&)
 .text._ZN2bn20sprite_tiles_manager4initEv
                0x0800d244      0x190 bn_sprite_tiles_manager.o
                0x0800d244                bn::sprite_tiles_manager::init()
 .text._ZN2bn20sprite_tiles_manager12_GLOBAL__N_122_insert_to_commit_itemEiRNS1_9item_typeE.part.0
                0x0800d3d4       0x6c bn_sprite_tiles_manager.o
 .text._ZN2bn20sprite_tiles_manager12_GLOBAL__N_117_insert_free_itemEiPt
                0x0800d440       0xcc bn_sprite_tiles_manager.o
 .text._ZN2bn20sprite_tiles_manager12_GLOBAL__N_116_erase_free_itemEi
                0x0800d50c       0xe4 bn_sprite_tiles_manager.o
 .text._ZN2bn20sprite_tiles_manager12_GLOBAL__N_121_erase_to_commit_itemEiRNS1_9item_typeE
                0x0800d5f0      0x100 bn_sprite_tiles_manager.o
 .text._ZN2bn20sprite_tiles_manager15decrease_usagesEi
                0x0800d6f0      0x134 bn_sprite_tiles_manager.o
                0x0800d6f0                bn::sprite_tiles_manager::decrease_usages(int)
 .text._ZN2bn16sprite_tiles_ptrD2Ev
                0x0800d824       0x18 bn_sprite_tiles_manager.o
                0x0800d824                bn::sprite_tiles_ptr::~sprite_tiles_ptr()
                0x0800d824                bn::sprite_tiles_ptr::~sprite_tiles_ptr()
 .text._ZN2bn20sprite_tiles_manager12_GLOBAL__N_110_find_implEPKNS_4tileENS_16compression_typeEi
                0x0800d83c      0x28c bn_sprite_tiles_manager.o
 .text._ZNK2bn17sprite_tiles_item10find_tilesEi
                0x0800dac8       0xc8 bn_sprite_tiles_manager.o
                0x0800dac8                bn::sprite_tiles_item::find_tiles(int) const
 .text._ZN2bn20sprite_tiles_manager12_GLOBAL__N_121_erase_items_map_itemEPKNS_4tileE
                0x0800db90      0x220 bn_sprite_tiles_manager.o
 .text._ZN2bn20sprite_tiles_manager12_GLOBAL__N_112_create_itemEiPKNS_4tileENS_16compression_typeEib
                0x0800ddb0      0x1d0 bn_sprite_tiles_manager.o
 .text._ZN2bn20sprite_tiles_manager6updateEv
                0x0800df80      0x1b0 bn_sprite_tiles_manager.o
                0x0800df80                bn::sprite_tiles_manager::update()
 .text._ZN2bn20sprite_tiles_manager12_GLOBAL__N_112_create_implEPKNS_4tileENS_16compression_typeEi
                0x0800e130      0x200 bn_sprite_tiles_manager.o
 .text._ZN2bn20sprite_tiles_manager12_GLOBAL__N_122_insert_items_map_itemEPKNS_4tileEi
                0x0800e330       0xc0 bn_sprite_tiles_manager.o
 .text._ZN2bn20sprite_tiles_manager6createERKNS_4spanIKNS_4tileEEENS_16compression_typeE
                0x0800e3f0       0x94 bn_sprite_tiles_manager.o
                0x0800e3f0                bn::sprite_tiles_manager::create(bn::span<bn::tile const> const&, bn::compression_type)
 .text._ZN2bn16sprite_tiles_ptr6createERKNS_17sprite_tiles_itemE
                0x0800e484       0x84 bn_sprite_tiles_manager.o
                0x0800e484                bn::sprite_tiles_ptr::create(bn::sprite_tiles_item const&)
 .text._ZN2bn16sprite_tiles_ptr6createERKNS_17sprite_tiles_itemEi
                0x0800e508       0xbc bn_sprite_tiles_manager.o
                0x0800e508                bn::sprite_tiles_ptr::create(bn::sprite_tiles_item const&, int)
 .text._ZNK2bn17sprite_tiles_item12create_tilesEi
                0x0800e5c4       0xbc bn_sprite_tiles_manager.o
                0x0800e5c4                bn::sprite_tiles_item::create_tiles(int) const
 .text.startup._GLOBAL__sub_I__ZN2bn12sprite_tiles16used_tiles_countEv
                0x0800e680      0x12c bn_sprite_tiles_manager.o
 .text._ZN2bn15sprites_manager12_GLOBAL__N_132_always_update_indexes_to_commitERKNS_20sprites_manager_itemE
                0x0800e7ac       0x48 bn_sprites_manager.o
 .text._ZN2bn15sprites_manager12_GLOBAL__N_111static_dataD2Ev
                0x0800e7f4       0x44 bn_sprites_manager.o
 .text._ZN2bn13ostringstream11append_argsIiJA4_ciEEEvRKT_DpRKT0_.isra.0
                0x0800e838       0x24 bn_sprites_manager.o
 .text._ZN2bn15sprites_manager12_GLOBAL__N_123_update_item_dimensionsERNS_20sprites_manager_itemE
                0x0800e85c       0xc8 bn_sprites_manager.o
 .text._ZN2bn10sprite_ptrC2ERKS0_
                0x0800e924        0xc bn_sprites_manager.o
                0x0800e924                bn::sprite_ptr::sprite_ptr(bn::sprite_ptr const&)
                0x0800e924                bn::sprite_ptr::sprite_ptr(bn::sprite_ptr const&)
 .text._ZN2bn10sprite_ptr19set_horizontal_flipEb
                0x0800e930       0x54 bn_sprites_manager.o
                0x0800e930                bn::sprite_ptr::set_horizontal_flip(bool)
 .text._ZN2bn15sprites_manager4initEv
                0x0800e984       0xd0 bn_sprites_manager.o
                0x0800e984                bn::sprites_manager::init()
 .text._ZN2bn15sprites_manager5hw_idEPv
                0x0800ea54        0x8 bn_sprites_manager.o
                0x0800ea54                bn::sprites_manager::hw_id(void*)
 .text._ZN2bn15sprites_manager5shapeEPv
                0x0800ea5c        0x8 bn_sprites_manager.o
                0x0800ea5c                bn::sprites_manager::shape(void*)
 .text._ZN2bn15sprites_manager4sizeEPv
                0x0800ea64        0x8 bn_sprites_manager.o
                0x0800ea64                bn::sprites_manager::size(void*)
 .text._ZN2bn15sprites_manager10shape_sizeEPv
                0x0800ea6c       0x14 bn_sprites_manager.o
                0x0800ea6c                bn::sprites_manager::shape_size(void*)
 .text._ZN2bn15sprites_manager11hw_positionEPv
                0x0800ea80        0x4 bn_sprites_manager.o
                0x0800ea80                bn::sprites_manager::hw_position(void*)
 .text._ZN2bn15sprites_manager9view_modeEPv
                0x0800ea84        0xc bn_sprites_manager.o
                0x0800ea84                bn::sprites_manager::view_mode(void*)
 .text._ZN2bn15sprites_manager10affine_matEPv
                0x0800ea90        0x4 bn_sprites_manager.o
                0x0800ea90                bn::sprites_manager::affine_mat(void*)
 .text._ZN2bn15sprites_manager39fill_hblank_effect_horizontal_positionsEPviPKNS_7fixed_tILi12EEEPt
                0x0800ea94       0x44 bn_sprites_manager.o
                0x0800ea94                bn::sprites_manager::fill_hblank_effect_horizontal_positions(void*, int, bn::fixed_t<12> const*, unsigned short*)
 .text._ZN2bn15sprites_manager37fill_hblank_effect_vertical_positionsEPviPKNS_7fixed_tILi12EEEPt
                0x0800ead8       0x44 bn_sprites_manager.o
                0x0800ead8                bn::sprites_manager::fill_hblank_effect_vertical_positions(void*, int, bn::fixed_t<12> const*, unsigned short*)
 .text._ZN2bn15sprites_manager35fill_hblank_effect_first_attributesEiNS_12sprite_shapeENS_8bpp_modeEiPKNS_23sprite_first_attributesEPt
                0x0800eb1c       0xdc bn_sprites_manager.o
                0x0800eb1c                bn::sprites_manager::fill_hblank_effect_first_attributes(int, bn::sprite_shape, bn::bpp_mode, int, bn::sprite_first_attributes const*, unsigned short*)
 .text._ZN2bn15sprites_manager44fill_hblank_effect_regular_second_attributesEPviNS_11sprite_sizeEPKNS_32sprite_regular_second_attributesEPt
                0x0800ebf8       0x60 bn_sprites_manager.o
                0x0800ebf8                bn::sprites_manager::fill_hblank_effect_regular_second_attributes(void*, int, bn::sprite_size, bn::sprite_regular_second_attributes const*, unsigned short*)
 .text._ZN2bn15sprites_manager43fill_hblank_effect_affine_second_attributesEPviNS_11sprite_sizeEPKNS_31sprite_affine_second_attributesEPt
                0x0800ec58       0x58 bn_sprites_manager.o
                0x0800ec58                bn::sprites_manager::fill_hblank_effect_affine_second_attributes(void*, int, bn::sprite_size, bn::sprite_affine_second_attributes const*, unsigned short*)
 .text._ZN2bn15sprites_manager14update_camerasEv
                0x0800ecb0       0x20 bn_sprites_manager.o
                0x0800ecb0                bn::sprites_manager::update_cameras()
 .text._ZN2bn15sprites_manager23update_auto_double_sizeEPv
                0x0800ecd0       0x2c bn_sprites_manager.o
                0x0800ecd0                bn::sprites_manager::update_auto_double_size(void*)
 .text._ZN2bn15sprites_manager6commitEb
                0x0800ecfc       0xa4 bn_sprites_manager.o
                0x0800ecfc                bn::sprites_manager::commit(bool)
 .text._ZNK2bn17sprite_shape_size6heightEv.isra.0
                0x0800eda0       0xd0 bn_sprites_manager.o
 .text._ZNK2bn17sprite_shape_size5widthEv.isra.0
                0x0800ee70       0xcc bn_sprites_manager.o
 .text._ZN2bn15sprites_manager12_GLOBAL__N_118_remove_affine_matERNS_20sprites_manager_itemE
                0x0800ef3c       0xe4 bn_sprites_manager.o
 .text._ZN2bn15sprites_manager42remove_identity_affine_mat_when_not_neededEPv
                0x0800f020        0xc bn_sprites_manager.o
                0x0800f020                bn::sprites_manager::remove_identity_affine_mat_when_not_needed(void*)
 .text._ZN2bn15sprites_manager7paletteEPv
                0x0800f02c       0x34 bn_sprites_manager.o
                0x0800f02c                bn::sprites_manager::palette(void*)
 .text._ZN2bn15sprites_manager9set_tilesEPvONS_16sprite_tiles_ptrE
                0x0800f060      0x24c bn_sprites_manager.o
                0x0800f060                bn::sprites_manager::set_tiles(void*, bn::sprite_tiles_ptr&&)
 .text._ZN2bn10sprite_ptr9set_tilesEONS_16sprite_tiles_ptrE
                0x0800f2ac       0x10 bn_sprites_manager.o
                0x0800f2ac                bn::sprite_ptr::set_tiles(bn::sprite_tiles_ptr&&)
 .text._ZN2bn10sprite_ptr9set_tilesERKNS_17sprite_tiles_itemEi
                0x0800f2bc       0x88 bn_sprites_manager.o
                0x0800f2bc                bn::sprite_ptr::set_tiles(bn::sprite_tiles_item const&, int)
 .text._ZN2bn15sprites_manager6updateEv
                0x0800f344      0x14c bn_sprites_manager.o
                0x0800f344                bn::sprites_manager::update()
 .text._ZN3_bn6assert9show_argsIJA27_ciA4_ciEEEvPKcS5_S5_iDpRKT_
                0x0800f490       0x58 bn_sprites_manager.o
                0x0800f490                void _bn::assert::show_args<char [27], int, char [4], int>(char const*, char const*, char const*, int, char const (&) [27], int const&, char const (&) [4], int const&)
 .text._ZN2bn15sprites_manager35fill_hblank_effect_third_attributesENS_17sprite_shape_sizeEPKNS_23sprite_third_attributesEPt
                0x0800f4e8      0x2f0 bn_sprites_manager.o
                0x0800f4e8                bn::sprites_manager::fill_hblank_effect_third_attributes(bn::sprite_shape_size, bn::sprite_third_attributes const*, unsigned short*)
 .text._ZN2bn14sorted_sprites6sorter6insertERNS_20sprites_manager_itemE
                0x0800f7d8      0x170 bn_sprites_manager.o
                0x0800f7d8                bn::sorted_sprites::sorter::insert(bn::sprites_manager_item&)
 .text._ZN2bn15sprites_manager6createERKNS_13fixed_point_tILi12EEERKNS_17sprite_shape_sizeEONS_16sprite_tiles_ptrEONS_18sprite_palette_ptrE
                0x0800f948      0x1dc bn_sprites_manager.o
                0x0800f948                bn::sprites_manager::create(bn::fixed_point_t<12> const&, bn::sprite_shape_size const&, bn::sprite_tiles_ptr&&, bn::sprite_palette_ptr&&)
 .text._ZNK2bn11sprite_item13create_spriteENS_7fixed_tILi12EEES2_
                0x0800fb24       0x44 bn_sprites_manager.o
                0x0800fb24                bn::sprite_item::create_sprite(bn::fixed_t<12>, bn::fixed_t<12>) const
 .text._ZN2bn15sprites_manager15decrease_usagesEPv
                0x0800fb68      0x180 bn_sprites_manager.o
                0x0800fb68                bn::sprites_manager::decrease_usages(void*)
 .text._ZN2bn10sprite_ptrD2Ev
                0x0800fce8       0x18 bn_sprites_manager.o
                0x0800fce8                bn::sprite_ptr::~sprite_ptr()
                0x0800fce8                bn::sprite_ptr::~sprite_ptr()
 .text._ZN2bn10sprite_ptr15set_bg_priorityEi
                0x0800fd00      0x144 bn_sprites_manager.o
                0x0800fd00                bn::sprite_ptr::set_bg_priority(int)
 .text.startup._GLOBAL__sub_I__ZN2bn7sprites16used_items_countEv
                0x0800fe44       0xac bn_sprites_manager.o
 .text._ZN2bn13ostringstreamC2ERNS_12istring_baseE
                0x0800fef0        0x8 bn_sstream.o
                0x0800fef0                bn::ostringstream::ostringstream(bn::istring_base&)
                0x0800fef0                bn::ostringstream::ostringstream(bn::istring_base&)
 .text._ZNK2bn13ostringstream4sizeEv
                0x0800fef8        0x8 bn_sstream.o
                0x0800fef8                bn::ostringstream::size() const
 .text._ZN2bn13ostringstream6appendEPKc
                0x0800ff00       0xa4 bn_sstream.o
                0x0800ff00                bn::ostringstream::append(char const*)
 .text._ZN2bn13ostringstream6appendEi
                0x0800ffa4       0xb0 bn_sstream.o
                0x0800ffa4                bn::ostringstream::append(int)
 .text._ZN2bn13ostringstream6appendERKNS_11string_viewE
                0x08010054       0xb8 bn_sstream.o
                0x08010054                bn::ostringstream::append(bn::string_view const&)
 .text._ZN2bn13ostringstream6appendEj
                0x0801010c       0xb0 bn_sstream.o
                0x0801010c                bn::ostringstream::append(unsigned int)
 .text._ZN2bn13ostringstream6appendEPKv
                0x080101bc      0x100 bn_sstream.o
                0x080101bc                bn::ostringstream::append(void const*)
 .text._ZN2bn13ostringstream16_append_fractionEji
                0x080102bc      0x110 bn_sstream.o
                0x080102bc                bn::ostringstream::_append_fraction(unsigned int, int)
 .text._ZN2bn13ostringstream6appendEc
                0x080103cc       0x44 bn_sstream.o
                0x080103cc                bn::ostringstream::append(char)
 .text._ZN2bn18igeneric_pool_baseC2EPci
                0x08010410       0x10 bn_translation_unit.o
                0x08010410                bn::igeneric_pool_base::igeneric_pool_base(char*, int)
                0x08010410                bn::igeneric_pool_base::igeneric_pool_base(char*, int)
 .text._ZN2bn18igeneric_pool_base5_freeEPc
                0x08010420       0x10 bn_translation_unit.o
                0x08010420                bn::igeneric_pool_base::_free(char*)
 .text._ZN2bn5timerC2Ev
                0x08010430       0x24 bn_translation_unit.o
                0x08010430                bn::timer::timer()
                0x08010430                bn::timer::timer()
 .text._ZNK2bn5timer13elapsed_ticksEv
                0x08010454       0x28 bn_translation_unit.o
                0x08010454                bn::timer::elapsed_ticks() const
 .text._ZN2bn5timer7restartEv
                0x0801047c       0x24 bn_translation_unit.o
                0x0801047c                bn::timer::restart()
 .text._ZN2bn3logERKNS_12istring_baseE
                0x080104a0       0x58 bn_translation_unit.o
                0x080104a0                bn::log(bn::istring_base const&)
 .text._ZN2bn18igeneric_pool_baseD2Ev
                0x080104f8       0x30 bn_translation_unit.o
                0x080104f8                bn::igeneric_pool_base::~igeneric_pool_base()
                0x080104f8                bn::igeneric_pool_base::~igeneric_pool_base()
 .text._ZN2bn18igeneric_pool_base9_allocateEv
                0x08010528       0x48 bn_translation_unit.o
                0x08010528                bn::igeneric_pool_base::_allocate()
 .text._ZN2bn2hw5audio12_GLOBAL__N_111static_dataD2Ev
                0x08010570       0x18 bn_hw_audio.o
 .text._ZN2bn2hw5audio12_GLOBAL__N_17_commitEv
                0x08010588       0x48 bn_hw_audio.o
 .text._ZN2bn2hw5audio12_GLOBAL__N_115_vblank_handlerEv
                0x080105d0       0x24 bn_hw_audio.o
 .text._ZN2bn2hw5audio4initEv
                0x080105f4       0x9c bn_hw_audio.o
                0x080105f4                bn::hw::audio::init()
 .text._ZN2bn2hw5audio7disableEv
                0x08010690       0x34 bn_hw_audio.o
                0x08010690                bn::hw::audio::disable()
 .text._ZN2bn2hw5audio13music_playingEv
                0x080106c4       0x20 bn_hw_audio.o
                0x080106c4                bn::hw::audio::music_playing()
 .text._ZN2bn2hw5audio10play_musicEib
                0x080106e4       0x1c bn_hw_audio.o
                0x080106e4                bn::hw::audio::play_music(int, bool)
 .text._ZN2bn2hw5audio10stop_musicEv
                0x08010700       0x18 bn_hw_audio.o
                0x08010700                bn::hw::audio::stop_music()
 .text._ZN2bn2hw5audio11pause_musicEv
                0x08010718       0x18 bn_hw_audio.o
                0x08010718                bn::hw::audio::pause_music()
 .text._ZN2bn2hw5audio12resume_musicEv
                0x08010730       0x18 bn_hw_audio.o
                0x08010730                bn::hw::audio::resume_music()
 .text._ZN2bn2hw5audio17dmg_music_playingEv
                0x08010748       0x2c bn_hw_audio.o
                0x08010748                bn::hw::audio::dmg_music_playing()
 .text._ZN2bn2hw5audio14stop_dmg_musicEv
                0x08010774       0x28 bn_hw_audio.o
                0x08010774                bn::hw::audio::stop_dmg_music()
 .text._ZN2bn2hw5audio15pause_dmg_musicEv
                0x0801079c       0x28 bn_hw_audio.o
                0x0801079c                bn::hw::audio::pause_dmg_music()
 .text._ZN2bn2hw5audio16resume_dmg_musicEv
                0x080107c4       0x28 bn_hw_audio.o
                0x080107c4                bn::hw::audio::resume_dmg_music()
 .text._ZN2bn2hw5audio18dmg_music_positionERiS2_
                0x080107ec       0x2c bn_hw_audio.o
                0x080107ec                bn::hw::audio::dmg_music_position(int&, int&)
 .text._ZN2bn2hw5audio6updateEv
                0x08010818       0x14 bn_hw_audio.o
                0x08010818                bn::hw::audio::update()
 .text._ZN3_bn6assert9show_argsIA47_ciEEvPKcS4_S4_iRKT_RKT0_
                0x0801082c       0x54 bn_hw_audio.o
                0x0801082c                void _bn::assert::show_args<char [47], int>(char const*, char const*, char const*, int, char const (&) [47], int const&)
 .text._ZN2bn2hw5audio14play_dmg_musicEPKvNS_14dmg_music_typeEib
                0x08010880       0x8c bn_hw_audio.o
                0x08010880                bn::hw::audio::play_dmg_music(void const*, bn::dmg_music_type, int, bool)
 .text._ZN2bn2hw5audio22set_dmg_music_positionEii
                0x0801090c       0x54 bn_hw_audio.o
                0x0801090c                bn::hw::audio::set_dmg_music_position(int, int)
 .text._ZN2bn2hw5audio20set_dmg_music_volumeEii
                0x08010960       0x40 bn_hw_audio.o
                0x08010960                bn::hw::audio::set_dmg_music_volume(int, int)
 .text._ZN3_bn6assert9show_argsIA20_cjEEvPKcS4_S4_iRKT_RKT0_
                0x080109a0       0x54 bn_hw_audio.o
                0x080109a0                void _bn::assert::show_args<char [20], unsigned int>(char const*, char const*, char const*, int, char const (&) [20], unsigned int const&)
 .text._ZN2bn2hw5audio6commitEv
                0x080109f4       0x58 bn_hw_audio.o
                0x080109f4                bn::hw::audio::commit()
 .text._ZN2bn2hw5audio12_GLOBAL__N_119_add_sound_to_queueEit
                0x08010a4c       0xa0 bn_hw_audio.o
 .text._ZN2bn2hw5audio12_GLOBAL__N_123_erase_sound_from_queueEt
                0x08010aec       0x90 bn_hw_audio.o
 .text._ZN2bn2hw5audio10stop_soundEt
                0x08010b7c       0x20 bn_hw_audio.o
                0x08010b7c                bn::hw::audio::stop_sound(unsigned short)
 .text._ZN2bn2hw5audio13release_soundEt
                0x08010b9c       0x20 bn_hw_audio.o
                0x08010b9c                bn::hw::audio::release_sound(unsigned short)
 .text._ZN2bn2hw5audio15stop_all_soundsEv
                0x08010bbc       0x68 bn_hw_audio.o
                0x08010bbc                bn::hw::audio::stop_all_sounds()
 .text._ZN2bn2hw5audio12_GLOBAL__N_119_check_sounds_queueEv.part.0
                0x08010c24       0x98 bn_hw_audio.o
 .text._ZN2bn2hw5audio10play_soundEiiiii
                0x08010cbc       0x48 bn_hw_audio.o
                0x08010cbc                bn::hw::audio::play_sound(int, int, int, int, int)
 .text._ZN2bn2hw5audio10play_soundEii
                0x08010d04       0x34 bn_hw_audio.o
                0x08010d04                bn::hw::audio::play_sound(int, int)
 .text._ZN2bn2hw5audio19update_sounds_queueEv
                0x08010d38       0x90 bn_hw_audio.o
                0x08010d38                bn::hw::audio::update_sounds_queue()
 .text.startup._GLOBAL__sub_I__ZN2bn2hw5audio4initEv
                0x08010dc8       0x40 bn_hw_audio.o
 .text.__libc_init_array
                0x08010e08       0x50 bn_hw_common.bn_noflto.o
                0x08010e08                __libc_init_array
 .text.__aeabi_atexit
                0x08010e58        0x4 bn_hw_common.bn_noflto.o
                0x08010e58                __aeabi_atexit
 .text._ZN3_bn6assert9show_argsIA40_cEEvPKcS4_S4_iRKT_
                0x08010e5c       0x48 bn_hw_common.bn_noflto.o
                0x08010e5c                void _bn::assert::show_args<char [40]>(char const*, char const*, char const*, int, char const (&) [40])
 .text.__aeabi_idiv0
                0x08010ea4       0x24 bn_hw_common.bn_noflto.o
                0x08010ea4                __aeabi_idiv0
 .text._ZN2bn2hw4gpio4initEv
                0x08010ec8        0x8 bn_hw_gpio.bn_noflto.o
                0x08010ec8                bn::hw::gpio::init()
 .text._ZN2bn2hw4link12_GLOBAL__N_119_resetStateCallbackEv
                0x08010ed0       0x4c bn_hw_link.o
 .text._ZN2bn2hw4link4initEv
                0x08010f1c      0x120 bn_hw_link.o
                0x08010f1c                bn::hw::link::init()
 .text._ZN2bn2hw4link6activeEv
                0x0801103c       0x10 bn_hw_link.o
                0x0801103c                bn::hw::link::active()
 .text._ZN2bn2hw4link7disableEv
                0x0801104c       0x6c bn_hw_link.o
                0x0801104c                bn::hw::link::disable()
 .text._ZN2bn2hw4link6commitEv
                0x080110b8       0x30 bn_hw_link.o
                0x080110b8                bn::hw::link::commit()
 .text._ZN2bn2hw4link11_timer_intrEv
                0x080110e8       0xf8 bn_hw_link.o
                0x080110e8                bn::hw::link::_timer_intr()
 .text._ZN2bn2hw4link12_serial_intrEv
                0x080111e0      0x1bc bn_hw_link.o
                0x080111e0                bn::hw::link::_serial_intr()
 .text._ZN2bn2hw4link12_GLOBAL__N_117_sendDataCallbackEv
                0x0801139c       0xe4 bn_hw_link.o
 .text._ZN2bn2hw4link12_GLOBAL__N_124_receiveResponseCallbackERKNS_2lc12LinkResponseE
                0x08011480      0x15c bn_hw_link.o
 .text.startup._GLOBAL__sub_I__ZN2bn2hw4link4initEv
                0x080115dc       0x68 bn_hw_link.o
 .text._ZN2bn2hw6memory4initEv
                0x08011644        0x4 bn_hw_memory.o
                0x08011644                bn::hw::memory::init()
 .text._ZN2bn2hw8palettes8contrastEPKNS_5colorEiiPS2_
                0x08011648       0x18 bn_hw_palettes.o
                0x08011648                bn::hw::palettes::contrast(bn::color const*, int, int, bn::color*)
 .text._ZN2bn2hw8palettes9intensityEPKNS_5colorEiiPS2_
                0x08011660       0x18 bn_hw_palettes.o
                0x08011660                bn::hw::palettes::intensity(bn::color const*, int, int, bn::color*)
 .text._ZN2bn2hw8palettes9hue_shiftEPKNS_5colorEiiPS2_
                0x08011678      0x14c bn_hw_palettes.o
                0x08011678                bn::hw::palettes::hue_shift(bn::color const*, int, int, bn::color*)
 .text._ZN2bn2hw8palettes6rotateEPKNS_5colorEiiPS2_
                0x080117c4       0x2c bn_hw_palettes.o
                0x080117c4                bn::hw::palettes::rotate(bn::color const*, int, int, bn::color*)
 .text._ZN2bn2hw4show5errorERKNS_11system_fontERKNS_11string_viewES7_S7_iS7_S7_
                0x080117f0      0x42c bn_hw_show.o
                0x080117f0                bn::hw::show::error(bn::system_font const&, bn::string_view const&, bn::string_view const&, bn::string_view const&, int, bn::string_view const&, bn::string_view const&)
 .text._ZN2bn2hw4sram4initEv
                0x08011c1c       0x18 bn_hw_sram.bn_noflto.o
                0x08011c1c                bn::hw::sram::init()
 .text._ZN2bn11system_fontC2Ev
                0x08011c34       0x18 bn_hw_system_font.o
                0x08011c34                bn::system_font::system_font()
                0x08011c34                bn::system_font::system_font()
 .text._ZNK2bn11system_font8tte_fontEv
                0x08011c4c        0x4 bn_hw_system_font.o
                0x08011c4c                bn::system_font::tte_font() const
 .text._ZN2bn2hw4text5parseEPKvRNS_5arrayIcLi32EEE
                0x08011c50       0x30 bn_hw_text.o
                0x08011c50                bn::hw::text::parse(void const*, bn::array<char, 32>&)
 .text._ZN2bn2hw4text5parseEjRNS_5arrayIcLi32EEE
                0x08011c80       0xa0 bn_hw_text.o
                0x08011c80                bn::hw::text::parse(unsigned int, bn::array<char, 32>&)
 .text._ZN2bn2hw4text5parseEiRNS_5arrayIcLi32EEE
                0x08011d20       0xbc bn_hw_text.o
                0x08011d20                bn::hw::text::parse(int, bn::array<char, 32>&)
 .text._Z7VgmStopv
                0x08011ddc       0xc0 vgm.o
                0x08011ddc                VgmStop()
 .text._Z7VgmPlayPKhb
                0x08011e9c       0x28 vgm.o
                0x08011e9c                VgmPlay(unsigned char const*, bool)
 .text._Z13VgmIntrVblankv
                0x08011ec4       0x80 vgm.o
                0x08011ec4                VgmIntrVblank()
 .text._Z9VgmActivev
                0x08011f44       0x10 vgm.o
                0x08011f44                VgmActive()
 .text._Z16VgmGetOffsetPlayv
                0x08011f54        0xc vgm.o
                0x08011f54                VgmGetOffsetPlay()
 .text._Z16VgmSetOffsetPlayj
                0x08011f60       0x10 vgm.o
                0x08011f60                VgmSetOffsetPlay(unsigned int)
 .text._Z8VgmPausev